[2026-05-01T23:24:54.954+0000] {local_task_job_runner.py:120} INFO - ::group::Pre task execution logs
[2026-05-01T23:24:54.987+0000] {taskinstance.py:2076} INFO - Dependencies all met for dep_context=non-requeueable deps ti=<TaskInstance: data_pipeline.jobs_producer manual__2026-05-01T23:19:53.429046+00:00 [queued]>
[2026-05-01T23:24:54.996+0000] {taskinstance.py:2076} INFO - Dependencies all met for dep_context=requeueable deps ti=<TaskInstance: data_pipeline.jobs_producer manual__2026-05-01T23:19:53.429046+00:00 [queued]>
[2026-05-01T23:24:54.996+0000] {taskinstance.py:2306} INFO - Starting attempt 2 of 3
[2026-05-01T23:24:55.009+0000] {taskinstance.py:2330} INFO - Executing <Task(BashOperator): jobs_producer> on 2026-05-01 23:19:53.429046+00:00
[2026-05-01T23:24:55.015+0000] {logging_mixin.py:188} WARNING - /home/***/.local/lib/python3.12/site-packages/***/task/task_runner/standard_task_runner.py:62 DeprecationWarning: This process (pid=1215) is multi-threaded, use of fork() may lead to deadlocks in the child.
[2026-05-01T23:24:55.015+0000] {standard_task_runner.py:64} INFO - Started process 1222 to run task
[2026-05-01T23:24:55.015+0000] {standard_task_runner.py:90} INFO - Running: ['***', 'tasks', 'run', 'data_pipeline', 'jobs_producer', 'manual__2026-05-01T23:19:53.429046+00:00', '--job-id', '102', '--raw', '--subdir', 'DAGS_FOLDER/pipeline_dag.py', '--cfg-path', '/tmp/tmpe1o7p7wj']
[2026-05-01T23:24:55.017+0000] {standard_task_runner.py:91} INFO - Job 102: Subtask jobs_producer
[2026-05-01T23:24:55.057+0000] {task_command.py:426} INFO - Running <TaskInstance: data_pipeline.jobs_producer manual__2026-05-01T23:19:53.429046+00:00 [running]> on host 606f9c13027b
[2026-05-01T23:24:55.130+0000] {taskinstance.py:2648} INFO - Exporting env vars: AIRFLOW_CTX_DAG_OWNER='alaa' AIRFLOW_CTX_DAG_ID='data_pipeline' AIRFLOW_CTX_TASK_ID='jobs_producer' AIRFLOW_CTX_EXECUTION_DATE='2026-05-01T23:19:53.429046+00:00' AIRFLOW_CTX_TRY_NUMBER='2' AIRFLOW_CTX_DAG_RUN_ID='manual__2026-05-01T23:19:53.429046+00:00'
[2026-05-01T23:24:55.131+0000] {taskinstance.py:430} INFO - ::endgroup::
[2026-05-01T23:24:55.146+0000] {subprocess.py:63} INFO - Tmp dir root location: /tmp
[2026-05-01T23:24:55.147+0000] {subprocess.py:75} INFO - Running command: ['/usr/bin/bash', '-c', 'python /opt/***/producers/jobs_producer.py']
[2026-05-01T23:24:55.158+0000] {subprocess.py:86} INFO - Output:
[2026-05-01T23:24:55.490+0000] {subprocess.py:93} INFO - Traceback (most recent call last):
[2026-05-01T23:24:55.490+0000] {subprocess.py:93} INFO -   File "/opt/***/producers/jobs_producer.py", line 4, in <module>
[2026-05-01T23:24:55.491+0000] {subprocess.py:93} INFO -     from kafka import KafkaProducer
[2026-05-01T23:24:55.491+0000] {subprocess.py:93} INFO - ModuleNotFoundError: No module named 'kafka'
[2026-05-01T23:24:55.504+0000] {subprocess.py:97} INFO - Command exited with return code 1
[2026-05-01T23:24:55.505+0000] {taskinstance.py:441} INFO - ::group::Post task execution logs
[2026-05-01T23:24:55.513+0000] {taskinstance.py:2905} ERROR - Task failed with exception
Traceback (most recent call last):
  File "/home/airflow/.local/lib/python3.12/site-packages/airflow/models/taskinstance.py", line 465, in _execute_task
    result = _execute_callable(context=context, **execute_callable_kwargs)
             ^^^^^^^^^^^^^^^^^^^^^^^^^^^^^^^^^^^^^^^^^^^^^^^^^^^^^^^^^^^^^
  File "/home/airflow/.local/lib/python3.12/site-packages/airflow/models/taskinstance.py", line 432, in _execute_callable
    return execute_callable(context=context, **execute_callable_kwargs)
           ^^^^^^^^^^^^^^^^^^^^^^^^^^^^^^^^^^^^^^^^^^^^^^^^^^^^^^^^^^^^
  File "/home/airflow/.local/lib/python3.12/site-packages/airflow/models/baseoperator.py", line 401, in wrapper
    return func(self, *args, **kwargs)
           ^^^^^^^^^^^^^^^^^^^^^^^^^^^
  File "/home/airflow/.local/lib/python3.12/site-packages/airflow/operators/bash.py", line 243, in execute
    raise AirflowException(
airflow.exceptions.AirflowException: Bash command failed. The command returned a non-zero exit code 1.
[2026-05-01T23:24:55.515+0000] {taskinstance.py:1206} INFO - Marking task as UP_FOR_RETRY. dag_id=data_pipeline, task_id=jobs_producer, run_id=manual__2026-05-01T23:19:53.429046+00:00, execution_date=20260501T231953, start_date=20260501T232454, end_date=20260501T232455
[2026-05-01T23:24:55.522+0000] {standard_task_runner.py:110} ERROR - Failed to execute job 102 for task jobs_producer (Bash command failed. The command returned a non-zero exit code 1.; 1222)
[2026-05-01T23:24:55.550+0000] {local_task_job_runner.py:243} INFO - Task exited with return code 1
[2026-05-01T23:24:55.562+0000] {taskinstance.py:3503} INFO - 0 downstream tasks scheduled from follow-on schedule check
[2026-05-01T23:24:55.564+0000] {local_task_job_runner.py:222} INFO - ::endgroup::
