[2026-05-02T00:38:24.970+0000] {local_task_job_runner.py:120} INFO - ::group::Pre task execution logs
[2026-05-02T00:38:25.009+0000] {taskinstance.py:2076} INFO - Dependencies all met for dep_context=non-requeueable deps ti=<TaskInstance: data_pipeline.news_producer manual__2026-05-02T00:26:18.252846+00:00 [queued]>
[2026-05-02T00:38:25.018+0000] {taskinstance.py:2076} INFO - Dependencies all met for dep_context=requeueable deps ti=<TaskInstance: data_pipeline.news_producer manual__2026-05-02T00:26:18.252846+00:00 [queued]>
[2026-05-02T00:38:25.019+0000] {taskinstance.py:2306} INFO - Starting attempt 3 of 3
[2026-05-02T00:38:25.034+0000] {taskinstance.py:2330} INFO - Executing <Task(BashOperator): news_producer> on 2026-05-02 00:26:18.252846+00:00
[2026-05-02T00:38:25.043+0000] {standard_task_runner.py:90} INFO - Running: ['***', 'tasks', 'run', 'data_pipeline', 'news_producer', 'manual__2026-05-02T00:26:18.252846+00:00', '--job-id', '156', '--raw', '--subdir', 'DAGS_FOLDER/pipeline_dag.py', '--cfg-path', '/tmp/tmp0ak6z3fr']
[2026-05-02T00:38:25.045+0000] {standard_task_runner.py:91} INFO - Job 156: Subtask news_producer
[2026-05-02T00:38:25.046+0000] {logging_mixin.py:188} WARNING - /home/***/.local/lib/python3.12/site-packages/***/task/task_runner/standard_task_runner.py:62 DeprecationWarning: This process (pid=526) is multi-threaded, use of fork() may lead to deadlocks in the child.
[2026-05-02T00:38:25.047+0000] {standard_task_runner.py:64} INFO - Started process 527 to run task
[2026-05-02T00:38:25.102+0000] {task_command.py:426} INFO - Running <TaskInstance: data_pipeline.news_producer manual__2026-05-02T00:26:18.252846+00:00 [running]> on host 4c22c823134d
[2026-05-02T00:38:25.205+0000] {taskinstance.py:2648} INFO - Exporting env vars: AIRFLOW_CTX_DAG_OWNER='alaa' AIRFLOW_CTX_DAG_ID='data_pipeline' AIRFLOW_CTX_TASK_ID='news_producer' AIRFLOW_CTX_EXECUTION_DATE='2026-05-02T00:26:18.252846+00:00' AIRFLOW_CTX_TRY_NUMBER='3' AIRFLOW_CTX_DAG_RUN_ID='manual__2026-05-02T00:26:18.252846+00:00'
[2026-05-02T00:38:25.206+0000] {taskinstance.py:430} INFO - ::endgroup::
[2026-05-02T00:38:25.227+0000] {subprocess.py:63} INFO - Tmp dir root location: /tmp
[2026-05-02T00:38:25.228+0000] {subprocess.py:75} INFO - Running command: ['/usr/bin/bash', '-c', 'python /opt/***/producers/news_producers.py']
[2026-05-02T00:38:25.246+0000] {subprocess.py:86} INFO - Output:
[2026-05-02T00:39:27.128+0000] {subprocess.py:93} INFO - Traceback (most recent call last):
[2026-05-02T00:39:27.129+0000] {subprocess.py:93} INFO -   File "/opt/***/producers/news_producers.py", line 63, in <module>
[2026-05-02T00:39:27.130+0000] {subprocess.py:93} INFO -     main()
[2026-05-02T00:39:27.130+0000] {subprocess.py:93} INFO -   File "/opt/***/producers/news_producers.py", line 59, in main
[2026-05-02T00:39:27.131+0000] {subprocess.py:93} INFO -     send_data(events)
[2026-05-02T00:39:27.132+0000] {subprocess.py:93} INFO -   File "/opt/***/producers/news_producers.py", line 48, in send_data
[2026-05-02T00:39:27.132+0000] {subprocess.py:93} INFO -     producer.send("news_repos", value=event)
[2026-05-02T00:39:27.133+0000] {subprocess.py:93} INFO -     ^^^^^^^^^^^^^^^^^^^^^^^^^^^^^^^^^^^^^^^^
[2026-05-02T00:39:27.133+0000] {subprocess.py:93} INFO -   File "/home/***/.local/lib/python3.12/site-packages/kafka/producer/kafka.py", line 844, in send
[2026-05-02T00:39:27.134+0000] {subprocess.py:93} INFO -     self._wait_on_metadata(topic, timer.timeout_ms)
[2026-05-02T00:39:27.134+0000] {subprocess.py:93} INFO -   File "/home/***/.local/lib/python3.12/site-packages/kafka/producer/kafka.py", line 968, in _wait_on_metadata
[2026-05-02T00:39:27.134+0000] {subprocess.py:93} INFO -     raise Errors.KafkaTimeoutError(
[2026-05-02T00:39:27.134+0000] {subprocess.py:93} INFO - kafka.errors.KafkaTimeoutError: KafkaTimeoutError: Failed to update metadata after 60.0 secs.
[2026-05-02T00:39:27.202+0000] {subprocess.py:97} INFO - Command exited with return code 1
[2026-05-02T00:39:27.203+0000] {taskinstance.py:441} INFO - ::group::Post task execution logs
[2026-05-02T00:39:27.217+0000] {taskinstance.py:2905} ERROR - Task failed with exception
Traceback (most recent call last):
  File "/home/airflow/.local/lib/python3.12/site-packages/airflow/models/taskinstance.py", line 465, in _execute_task
    result = _execute_callable(context=context, **execute_callable_kwargs)
             ^^^^^^^^^^^^^^^^^^^^^^^^^^^^^^^^^^^^^^^^^^^^^^^^^^^^^^^^^^^^^
  File "/home/airflow/.local/lib/python3.12/site-packages/airflow/models/taskinstance.py", line 432, in _execute_callable
    return execute_callable(context=context, **execute_callable_kwargs)
           ^^^^^^^^^^^^^^^^^^^^^^^^^^^^^^^^^^^^^^^^^^^^^^^^^^^^^^^^^^^^
  File "/home/airflow/.local/lib/python3.12/site-packages/airflow/models/baseoperator.py", line 401, in wrapper
    return func(self, *args, **kwargs)
           ^^^^^^^^^^^^^^^^^^^^^^^^^^^
  File "/home/airflow/.local/lib/python3.12/site-packages/airflow/operators/bash.py", line 243, in execute
    raise AirflowException(
airflow.exceptions.AirflowException: Bash command failed. The command returned a non-zero exit code 1.
[2026-05-02T00:39:27.221+0000] {taskinstance.py:1206} INFO - Marking task as FAILED. dag_id=data_pipeline, task_id=news_producer, run_id=manual__2026-05-02T00:26:18.252846+00:00, execution_date=20260502T002618, start_date=20260502T003825, end_date=20260502T003927
[2026-05-02T00:39:27.245+0000] {standard_task_runner.py:110} ERROR - Failed to execute job 156 for task news_producer (Bash command failed. The command returned a non-zero exit code 1.; 527)
[2026-05-02T00:39:27.281+0000] {local_task_job_runner.py:243} INFO - Task exited with return code 1
[2026-05-02T00:39:27.308+0000] {taskinstance.py:3503} INFO - 0 downstream tasks scheduled from follow-on schedule check
[2026-05-02T00:39:27.311+0000] {local_task_job_runner.py:222} INFO - ::endgroup::
