[2026-05-02T00:13:13.595+0000] {local_task_job_runner.py:120} INFO - ::group::Pre task execution logs
[2026-05-02T00:13:13.623+0000] {taskinstance.py:2076} INFO - Dependencies all met for dep_context=non-requeueable deps ti=<TaskInstance: data_pipeline.exchange_rate_producer manual__2026-05-02T00:13:13.298656+00:00 [queued]>
[2026-05-02T00:13:13.631+0000] {taskinstance.py:2076} INFO - Dependencies all met for dep_context=requeueable deps ti=<TaskInstance: data_pipeline.exchange_rate_producer manual__2026-05-02T00:13:13.298656+00:00 [queued]>
[2026-05-02T00:13:13.631+0000] {taskinstance.py:2306} INFO - Starting attempt 1 of 3
[2026-05-02T00:13:13.640+0000] {taskinstance.py:2330} INFO - Executing <Task(BashOperator): exchange_rate_producer> on 2026-05-02 00:13:13.298656+00:00
[2026-05-02T00:13:13.648+0000] {standard_task_runner.py:90} INFO - Running: ['***', 'tasks', 'run', 'data_pipeline', 'exchange_rate_producer', 'manual__2026-05-02T00:13:13.298656+00:00', '--job-id', '138', '--raw', '--subdir', 'DAGS_FOLDER/pipeline_dag.py', '--cfg-path', '/tmp/tmpjxb8b9rk']
[2026-05-02T00:13:13.649+0000] {standard_task_runner.py:91} INFO - Job 138: Subtask exchange_rate_producer
[2026-05-02T00:13:13.650+0000] {logging_mixin.py:188} WARNING - /home/***/.local/lib/python3.12/site-packages/***/task/task_runner/standard_task_runner.py:62 DeprecationWarning: This process (pid=196) is multi-threaded, use of fork() may lead to deadlocks in the child.
[2026-05-02T00:13:13.651+0000] {standard_task_runner.py:64} INFO - Started process 199 to run task
[2026-05-02T00:13:13.692+0000] {task_command.py:426} INFO - Running <TaskInstance: data_pipeline.exchange_rate_producer manual__2026-05-02T00:13:13.298656+00:00 [running]> on host 4c22c823134d
[2026-05-02T00:13:13.767+0000] {taskinstance.py:2648} INFO - Exporting env vars: AIRFLOW_CTX_DAG_OWNER='alaa' AIRFLOW_CTX_DAG_ID='data_pipeline' AIRFLOW_CTX_TASK_ID='exchange_rate_producer' AIRFLOW_CTX_EXECUTION_DATE='2026-05-02T00:13:13.298656+00:00' AIRFLOW_CTX_TRY_NUMBER='1' AIRFLOW_CTX_DAG_RUN_ID='manual__2026-05-02T00:13:13.298656+00:00'
[2026-05-02T00:13:13.767+0000] {taskinstance.py:430} INFO - ::endgroup::
[2026-05-02T00:13:13.794+0000] {subprocess.py:63} INFO - Tmp dir root location: /tmp
[2026-05-02T00:13:13.794+0000] {subprocess.py:75} INFO - Running command: ['/usr/bin/bash', '-c', 'python /opt/***/producers/exchange_rate.py']
[2026-05-02T00:13:13.805+0000] {subprocess.py:86} INFO - Output:
[2026-05-02T00:14:14.824+0000] {subprocess.py:93} INFO - Traceback (most recent call last):
[2026-05-02T00:14:14.825+0000] {subprocess.py:93} INFO -   File "/opt/***/producers/exchange_rate.py", line 76, in <module>
[2026-05-02T00:14:14.827+0000] {subprocess.py:93} INFO -     main()
[2026-05-02T00:14:14.827+0000] {subprocess.py:93} INFO -   File "/opt/***/producers/exchange_rate.py", line 72, in main
[2026-05-02T00:14:14.828+0000] {subprocess.py:93} INFO -     send_data(events)
[2026-05-02T00:14:14.828+0000] {subprocess.py:93} INFO -   File "/opt/***/producers/exchange_rate.py", line 59, in send_data
[2026-05-02T00:14:14.828+0000] {subprocess.py:93} INFO -     producer.send("currency_rate", value=event)
[2026-05-02T00:14:14.829+0000] {subprocess.py:93} INFO -   File "/home/***/.local/lib/python3.12/site-packages/kafka/producer/kafka.py", line 844, in send
[2026-05-02T00:14:14.829+0000] {subprocess.py:93} INFO -     self._wait_on_metadata(topic, timer.timeout_ms)
[2026-05-02T00:14:14.829+0000] {subprocess.py:93} INFO -   File "/home/***/.local/lib/python3.12/site-packages/kafka/producer/kafka.py", line 968, in _wait_on_metadata
[2026-05-02T00:14:14.829+0000] {subprocess.py:93} INFO -     raise Errors.KafkaTimeoutError(
[2026-05-02T00:14:14.829+0000] {subprocess.py:93} INFO - kafka.errors.KafkaTimeoutError: KafkaTimeoutError: Failed to update metadata after 60.0 secs.
[2026-05-02T00:14:14.906+0000] {subprocess.py:97} INFO - Command exited with return code 1
[2026-05-02T00:14:14.907+0000] {taskinstance.py:441} INFO - ::group::Post task execution logs
[2026-05-02T00:14:14.921+0000] {taskinstance.py:2905} ERROR - Task failed with exception
Traceback (most recent call last):
  File "/home/airflow/.local/lib/python3.12/site-packages/airflow/models/taskinstance.py", line 465, in _execute_task
    result = _execute_callable(context=context, **execute_callable_kwargs)
             ^^^^^^^^^^^^^^^^^^^^^^^^^^^^^^^^^^^^^^^^^^^^^^^^^^^^^^^^^^^^^
  File "/home/airflow/.local/lib/python3.12/site-packages/airflow/models/taskinstance.py", line 432, in _execute_callable
    return execute_callable(context=context, **execute_callable_kwargs)
           ^^^^^^^^^^^^^^^^^^^^^^^^^^^^^^^^^^^^^^^^^^^^^^^^^^^^^^^^^^^^
  File "/home/airflow/.local/lib/python3.12/site-packages/airflow/models/baseoperator.py", line 401, in wrapper
    return func(self, *args, **kwargs)
           ^^^^^^^^^^^^^^^^^^^^^^^^^^^
  File "/home/airflow/.local/lib/python3.12/site-packages/airflow/operators/bash.py", line 243, in execute
    raise AirflowException(
airflow.exceptions.AirflowException: Bash command failed. The command returned a non-zero exit code 1.
[2026-05-02T00:14:14.927+0000] {taskinstance.py:1206} INFO - Marking task as UP_FOR_RETRY. dag_id=data_pipeline, task_id=exchange_rate_producer, run_id=manual__2026-05-02T00:13:13.298656+00:00, execution_date=20260502T001313, start_date=20260502T001313, end_date=20260502T001414
[2026-05-02T00:14:14.957+0000] {standard_task_runner.py:110} ERROR - Failed to execute job 138 for task exchange_rate_producer (Bash command failed. The command returned a non-zero exit code 1.; 199)
[2026-05-02T00:14:14.988+0000] {local_task_job_runner.py:243} INFO - Task exited with return code 1
[2026-05-02T00:14:15.021+0000] {taskinstance.py:3503} INFO - 0 downstream tasks scheduled from follow-on schedule check
[2026-05-02T00:14:15.024+0000] {local_task_job_runner.py:222} INFO - ::endgroup::
