[2026-05-01T23:19:54.144+0000] {local_task_job_runner.py:120} INFO - ::group::Pre task execution logs
[2026-05-01T23:19:54.177+0000] {taskinstance.py:2076} INFO - Dependencies all met for dep_context=non-requeueable deps ti=<TaskInstance: data_pipeline.github_producer manual__2026-05-01T23:19:53.429046+00:00 [queued]>
[2026-05-01T23:19:54.186+0000] {taskinstance.py:2076} INFO - Dependencies all met for dep_context=requeueable deps ti=<TaskInstance: data_pipeline.github_producer manual__2026-05-01T23:19:53.429046+00:00 [queued]>
[2026-05-01T23:19:54.186+0000] {taskinstance.py:2306} INFO - Starting attempt 1 of 3
[2026-05-01T23:19:54.200+0000] {taskinstance.py:2330} INFO - Executing <Task(BashOperator): github_producer> on 2026-05-01 23:19:53.429046+00:00
[2026-05-01T23:19:54.205+0000] {logging_mixin.py:188} WARNING - /home/***/.local/lib/python3.12/site-packages/***/task/task_runner/standard_task_runner.py:62 DeprecationWarning: This process (pid=1155) is multi-threaded, use of fork() may lead to deadlocks in the child.
[2026-05-01T23:19:54.206+0000] {standard_task_runner.py:64} INFO - Started process 1160 to run task
[2026-05-01T23:19:54.206+0000] {standard_task_runner.py:90} INFO - Running: ['***', 'tasks', 'run', 'data_pipeline', 'github_producer', 'manual__2026-05-01T23:19:53.429046+00:00', '--job-id', '97', '--raw', '--subdir', 'DAGS_FOLDER/pipeline_dag.py', '--cfg-path', '/tmp/tmp4ujxrkaz']
[2026-05-01T23:19:54.208+0000] {standard_task_runner.py:91} INFO - Job 97: Subtask github_producer
[2026-05-01T23:19:54.244+0000] {task_command.py:426} INFO - Running <TaskInstance: data_pipeline.github_producer manual__2026-05-01T23:19:53.429046+00:00 [running]> on host 606f9c13027b
[2026-05-01T23:19:54.314+0000] {taskinstance.py:2648} INFO - Exporting env vars: AIRFLOW_CTX_DAG_OWNER='alaa' AIRFLOW_CTX_DAG_ID='data_pipeline' AIRFLOW_CTX_TASK_ID='github_producer' AIRFLOW_CTX_EXECUTION_DATE='2026-05-01T23:19:53.429046+00:00' AIRFLOW_CTX_TRY_NUMBER='1' AIRFLOW_CTX_DAG_RUN_ID='manual__2026-05-01T23:19:53.429046+00:00'
[2026-05-01T23:19:54.315+0000] {taskinstance.py:430} INFO - ::endgroup::
[2026-05-01T23:19:54.330+0000] {subprocess.py:63} INFO - Tmp dir root location: /tmp
[2026-05-01T23:19:54.331+0000] {subprocess.py:75} INFO - Running command: ['/usr/bin/bash', '-c', 'python /opt/***/producers/github_trends.py']
[2026-05-01T23:19:54.340+0000] {subprocess.py:86} INFO - Output:
[2026-05-01T23:19:54.688+0000] {subprocess.py:93} INFO - Traceback (most recent call last):
[2026-05-01T23:19:54.688+0000] {subprocess.py:93} INFO -   File "/opt/***/producers/github_trends.py", line 3, in <module>
[2026-05-01T23:19:54.688+0000] {subprocess.py:93} INFO -     from kafka import KafkaProducer
[2026-05-01T23:19:54.689+0000] {subprocess.py:93} INFO - ModuleNotFoundError: No module named 'kafka'
[2026-05-01T23:19:54.705+0000] {subprocess.py:97} INFO - Command exited with return code 1
[2026-05-01T23:19:54.706+0000] {taskinstance.py:441} INFO - ::group::Post task execution logs
[2026-05-01T23:19:54.714+0000] {taskinstance.py:2905} ERROR - Task failed with exception
Traceback (most recent call last):
  File "/home/airflow/.local/lib/python3.12/site-packages/airflow/models/taskinstance.py", line 465, in _execute_task
    result = _execute_callable(context=context, **execute_callable_kwargs)
             ^^^^^^^^^^^^^^^^^^^^^^^^^^^^^^^^^^^^^^^^^^^^^^^^^^^^^^^^^^^^^
  File "/home/airflow/.local/lib/python3.12/site-packages/airflow/models/taskinstance.py", line 432, in _execute_callable
    return execute_callable(context=context, **execute_callable_kwargs)
           ^^^^^^^^^^^^^^^^^^^^^^^^^^^^^^^^^^^^^^^^^^^^^^^^^^^^^^^^^^^^
  File "/home/airflow/.local/lib/python3.12/site-packages/airflow/models/baseoperator.py", line 401, in wrapper
    return func(self, *args, **kwargs)
           ^^^^^^^^^^^^^^^^^^^^^^^^^^^
  File "/home/airflow/.local/lib/python3.12/site-packages/airflow/operators/bash.py", line 243, in execute
    raise AirflowException(
airflow.exceptions.AirflowException: Bash command failed. The command returned a non-zero exit code 1.
[2026-05-01T23:19:54.716+0000] {taskinstance.py:1206} INFO - Marking task as UP_FOR_RETRY. dag_id=data_pipeline, task_id=github_producer, run_id=manual__2026-05-01T23:19:53.429046+00:00, execution_date=20260501T231953, start_date=20260501T231954, end_date=20260501T231954
[2026-05-01T23:19:54.724+0000] {standard_task_runner.py:110} ERROR - Failed to execute job 97 for task github_producer (Bash command failed. The command returned a non-zero exit code 1.; 1160)
[2026-05-01T23:19:54.740+0000] {local_task_job_runner.py:243} INFO - Task exited with return code 1
[2026-05-01T23:19:54.751+0000] {taskinstance.py:3503} INFO - 0 downstream tasks scheduled from follow-on schedule check
[2026-05-01T23:19:54.754+0000] {local_task_job_runner.py:222} INFO - ::endgroup::
