[2026-05-01T23:30:22.355+0000] {local_task_job_runner.py:120} INFO - ::group::Pre task execution logs
[2026-05-01T23:30:22.389+0000] {taskinstance.py:2076} INFO - Dependencies all met for dep_context=non-requeueable deps ti=<TaskInstance: data_pipeline.exchange_rate_producer manual__2026-05-01T23:19:53.429046+00:00 [queued]>
[2026-05-01T23:30:22.396+0000] {taskinstance.py:2076} INFO - Dependencies all met for dep_context=requeueable deps ti=<TaskInstance: data_pipeline.exchange_rate_producer manual__2026-05-01T23:19:53.429046+00:00 [queued]>
[2026-05-01T23:30:22.396+0000] {taskinstance.py:2306} INFO - Starting attempt 3 of 3
[2026-05-01T23:30:22.406+0000] {taskinstance.py:2330} INFO - Executing <Task(BashOperator): exchange_rate_producer> on 2026-05-01 23:19:53.429046+00:00
[2026-05-01T23:30:22.418+0000] {logging_mixin.py:188} WARNING - /home/***/.local/lib/python3.12/site-packages/***/task/task_runner/standard_task_runner.py:62 DeprecationWarning: This process (pid=176) is multi-threaded, use of fork() may lead to deadlocks in the child.
[2026-05-01T23:30:22.417+0000] {standard_task_runner.py:90} INFO - Running: ['***', 'tasks', 'run', 'data_pipeline', 'exchange_rate_producer', 'manual__2026-05-01T23:19:53.429046+00:00', '--job-id', '107', '--raw', '--subdir', 'DAGS_FOLDER/pipeline_dag.py', '--cfg-path', '/tmp/tmpdkhwol_n']
[2026-05-01T23:30:22.418+0000] {standard_task_runner.py:64} INFO - Started process 185 to run task
[2026-05-01T23:30:22.418+0000] {standard_task_runner.py:91} INFO - Job 107: Subtask exchange_rate_producer
[2026-05-01T23:30:22.458+0000] {task_command.py:426} INFO - Running <TaskInstance: data_pipeline.exchange_rate_producer manual__2026-05-01T23:19:53.429046+00:00 [running]> on host 777f7704a24d
[2026-05-01T23:30:22.536+0000] {taskinstance.py:2648} INFO - Exporting env vars: AIRFLOW_CTX_DAG_OWNER='alaa' AIRFLOW_CTX_DAG_ID='data_pipeline' AIRFLOW_CTX_TASK_ID='exchange_rate_producer' AIRFLOW_CTX_EXECUTION_DATE='2026-05-01T23:19:53.429046+00:00' AIRFLOW_CTX_TRY_NUMBER='3' AIRFLOW_CTX_DAG_RUN_ID='manual__2026-05-01T23:19:53.429046+00:00'
[2026-05-01T23:30:22.536+0000] {taskinstance.py:430} INFO - ::endgroup::
[2026-05-01T23:30:22.561+0000] {subprocess.py:63} INFO - Tmp dir root location: /tmp
[2026-05-01T23:30:22.561+0000] {subprocess.py:75} INFO - Running command: ['/usr/bin/bash', '-c', 'python /opt/***/producers/exchange_rate.py']
[2026-05-01T23:30:22.571+0000] {subprocess.py:86} INFO - Output:
[2026-05-01T23:30:22.941+0000] {subprocess.py:93} INFO - Traceback (most recent call last):
[2026-05-01T23:30:22.941+0000] {subprocess.py:93} INFO -   File "/opt/***/producers/exchange_rate.py", line 4, in <module>
[2026-05-01T23:30:22.942+0000] {subprocess.py:93} INFO -     from kafka import KafkaProducer
[2026-05-01T23:30:22.942+0000] {subprocess.py:93} INFO - ModuleNotFoundError: No module named 'kafka'
[2026-05-01T23:30:22.962+0000] {subprocess.py:97} INFO - Command exited with return code 1
[2026-05-01T23:30:22.963+0000] {taskinstance.py:441} INFO - ::group::Post task execution logs
[2026-05-01T23:30:22.972+0000] {taskinstance.py:2905} ERROR - Task failed with exception
Traceback (most recent call last):
  File "/home/airflow/.local/lib/python3.12/site-packages/airflow/models/taskinstance.py", line 465, in _execute_task
    result = _execute_callable(context=context, **execute_callable_kwargs)
             ^^^^^^^^^^^^^^^^^^^^^^^^^^^^^^^^^^^^^^^^^^^^^^^^^^^^^^^^^^^^^
  File "/home/airflow/.local/lib/python3.12/site-packages/airflow/models/taskinstance.py", line 432, in _execute_callable
    return execute_callable(context=context, **execute_callable_kwargs)
           ^^^^^^^^^^^^^^^^^^^^^^^^^^^^^^^^^^^^^^^^^^^^^^^^^^^^^^^^^^^^
  File "/home/airflow/.local/lib/python3.12/site-packages/airflow/models/baseoperator.py", line 401, in wrapper
    return func(self, *args, **kwargs)
           ^^^^^^^^^^^^^^^^^^^^^^^^^^^
  File "/home/airflow/.local/lib/python3.12/site-packages/airflow/operators/bash.py", line 243, in execute
    raise AirflowException(
airflow.exceptions.AirflowException: Bash command failed. The command returned a non-zero exit code 1.
[2026-05-01T23:30:22.975+0000] {taskinstance.py:1206} INFO - Marking task as FAILED. dag_id=data_pipeline, task_id=exchange_rate_producer, run_id=manual__2026-05-01T23:19:53.429046+00:00, execution_date=20260501T231953, start_date=20260501T233022, end_date=20260501T233022
[2026-05-01T23:30:22.985+0000] {standard_task_runner.py:110} ERROR - Failed to execute job 107 for task exchange_rate_producer (Bash command failed. The command returned a non-zero exit code 1.; 185)
[2026-05-01T23:30:22.992+0000] {local_task_job_runner.py:243} INFO - Task exited with return code 1
[2026-05-01T23:30:23.002+0000] {local_task_job_runner.py:222} INFO - ::endgroup::
