[2026-05-02T00:38:32.981+0000] {local_task_job_runner.py:120} INFO - ::group::Pre task execution logs
[2026-05-02T00:38:33.023+0000] {taskinstance.py:2076} INFO - Dependencies all met for dep_context=non-requeueable deps ti=<TaskInstance: data_pipeline.jobs_producer manual__2026-05-02T00:26:18.252846+00:00 [queued]>
[2026-05-02T00:38:33.037+0000] {taskinstance.py:2076} INFO - Dependencies all met for dep_context=requeueable deps ti=<TaskInstance: data_pipeline.jobs_producer manual__2026-05-02T00:26:18.252846+00:00 [queued]>
[2026-05-02T00:38:33.038+0000] {taskinstance.py:2306} INFO - Starting attempt 3 of 3
[2026-05-02T00:38:33.071+0000] {taskinstance.py:2330} INFO - Executing <Task(BashOperator): jobs_producer> on 2026-05-02 00:26:18.252846+00:00
[2026-05-02T00:38:33.085+0000] {standard_task_runner.py:90} INFO - Running: ['***', 'tasks', 'run', 'data_pipeline', 'jobs_producer', 'manual__2026-05-02T00:26:18.252846+00:00', '--job-id', '158', '--raw', '--subdir', 'DAGS_FOLDER/pipeline_dag.py', '--cfg-path', '/tmp/tmpf9j7bu2y']
[2026-05-02T00:38:33.089+0000] {standard_task_runner.py:91} INFO - Job 158: Subtask jobs_producer
[2026-05-02T00:38:33.093+0000] {logging_mixin.py:188} WARNING - /home/***/.local/lib/python3.12/site-packages/***/task/task_runner/standard_task_runner.py:62 DeprecationWarning: This process (pid=534) is multi-threaded, use of fork() may lead to deadlocks in the child.
[2026-05-02T00:38:33.095+0000] {standard_task_runner.py:64} INFO - Started process 535 to run task
[2026-05-02T00:38:33.173+0000] {task_command.py:426} INFO - Running <TaskInstance: data_pipeline.jobs_producer manual__2026-05-02T00:26:18.252846+00:00 [running]> on host 4c22c823134d
[2026-05-02T00:38:33.297+0000] {taskinstance.py:2648} INFO - Exporting env vars: AIRFLOW_CTX_DAG_OWNER='alaa' AIRFLOW_CTX_DAG_ID='data_pipeline' AIRFLOW_CTX_TASK_ID='jobs_producer' AIRFLOW_CTX_EXECUTION_DATE='2026-05-02T00:26:18.252846+00:00' AIRFLOW_CTX_TRY_NUMBER='3' AIRFLOW_CTX_DAG_RUN_ID='manual__2026-05-02T00:26:18.252846+00:00'
[2026-05-02T00:38:33.298+0000] {taskinstance.py:430} INFO - ::endgroup::
[2026-05-02T00:38:33.323+0000] {subprocess.py:63} INFO - Tmp dir root location: /tmp
[2026-05-02T00:38:33.324+0000] {subprocess.py:75} INFO - Running command: ['/usr/bin/bash', '-c', 'python /opt/***/producers/jobs_producer.py']
[2026-05-02T00:38:33.341+0000] {subprocess.py:86} INFO - Output:
[2026-05-02T00:39:38.394+0000] {subprocess.py:93} INFO - Traceback (most recent call last):
[2026-05-02T00:39:38.395+0000] {subprocess.py:93} INFO -   File "/opt/***/producers/jobs_producer.py", line 91, in <module>
[2026-05-02T00:39:38.395+0000] {subprocess.py:93} INFO -     main()
[2026-05-02T00:39:38.396+0000] {subprocess.py:93} INFO -   File "/opt/***/producers/jobs_producer.py", line 87, in main
[2026-05-02T00:39:38.396+0000] {subprocess.py:93} INFO -     send_to_kafka(events)
[2026-05-02T00:39:38.396+0000] {subprocess.py:93} INFO -   File "/opt/***/producers/jobs_producer.py", line 73, in send_to_kafka
[2026-05-02T00:39:38.397+0000] {subprocess.py:93} INFO -     producer.send("job_repos", value=event)
[2026-05-02T00:39:38.397+0000] {subprocess.py:93} INFO -   File "/home/***/.local/lib/python3.12/site-packages/kafka/producer/kafka.py", line 844, in send
[2026-05-02T00:39:38.397+0000] {subprocess.py:93} INFO -     self._wait_on_metadata(topic, timer.timeout_ms)
[2026-05-02T00:39:38.397+0000] {subprocess.py:93} INFO -   File "/home/***/.local/lib/python3.12/site-packages/kafka/producer/kafka.py", line 968, in _wait_on_metadata
[2026-05-02T00:39:38.398+0000] {subprocess.py:93} INFO -     raise Errors.KafkaTimeoutError(
[2026-05-02T00:39:38.398+0000] {subprocess.py:93} INFO - kafka.errors.KafkaTimeoutError: KafkaTimeoutError: Failed to update metadata after 60.0 secs.
[2026-05-02T00:39:38.475+0000] {subprocess.py:97} INFO - Command exited with return code 1
[2026-05-02T00:39:38.476+0000] {taskinstance.py:441} INFO - ::group::Post task execution logs
[2026-05-02T00:39:38.496+0000] {taskinstance.py:2905} ERROR - Task failed with exception
Traceback (most recent call last):
  File "/home/airflow/.local/lib/python3.12/site-packages/airflow/models/taskinstance.py", line 465, in _execute_task
    result = _execute_callable(context=context, **execute_callable_kwargs)
             ^^^^^^^^^^^^^^^^^^^^^^^^^^^^^^^^^^^^^^^^^^^^^^^^^^^^^^^^^^^^^
  File "/home/airflow/.local/lib/python3.12/site-packages/airflow/models/taskinstance.py", line 432, in _execute_callable
    return execute_callable(context=context, **execute_callable_kwargs)
           ^^^^^^^^^^^^^^^^^^^^^^^^^^^^^^^^^^^^^^^^^^^^^^^^^^^^^^^^^^^^
  File "/home/airflow/.local/lib/python3.12/site-packages/airflow/models/baseoperator.py", line 401, in wrapper
    return func(self, *args, **kwargs)
           ^^^^^^^^^^^^^^^^^^^^^^^^^^^
  File "/home/airflow/.local/lib/python3.12/site-packages/airflow/operators/bash.py", line 243, in execute
    raise AirflowException(
airflow.exceptions.AirflowException: Bash command failed. The command returned a non-zero exit code 1.
[2026-05-02T00:39:38.503+0000] {taskinstance.py:1206} INFO - Marking task as FAILED. dag_id=data_pipeline, task_id=jobs_producer, run_id=manual__2026-05-02T00:26:18.252846+00:00, execution_date=20260502T002618, start_date=20260502T003833, end_date=20260502T003938
[2026-05-02T00:39:38.530+0000] {standard_task_runner.py:110} ERROR - Failed to execute job 158 for task jobs_producer (Bash command failed. The command returned a non-zero exit code 1.; 535)
[2026-05-02T00:39:38.543+0000] {local_task_job_runner.py:243} INFO - Task exited with return code 1
[2026-05-02T00:39:38.569+0000] {taskinstance.py:3503} INFO - 0 downstream tasks scheduled from follow-on schedule check
[2026-05-02T00:39:38.571+0000] {local_task_job_runner.py:222} INFO - ::endgroup::
