[2026-05-02T00:44:49.057+0000] {local_task_job_runner.py:120} INFO - ::group::Pre task execution logs
[2026-05-02T00:44:49.112+0000] {taskinstance.py:2076} INFO - Dependencies all met for dep_context=non-requeueable deps ti=<TaskInstance: data_pipeline.github_producer manual__2026-05-02T00:44:48.034052+00:00 [queued]>
[2026-05-02T00:44:49.128+0000] {taskinstance.py:2076} INFO - Dependencies all met for dep_context=requeueable deps ti=<TaskInstance: data_pipeline.github_producer manual__2026-05-02T00:44:48.034052+00:00 [queued]>
[2026-05-02T00:44:49.128+0000] {taskinstance.py:2306} INFO - Starting attempt 1 of 3
[2026-05-02T00:44:49.155+0000] {taskinstance.py:2330} INFO - Executing <Task(BashOperator): github_producer> on 2026-05-02 00:44:48.034052+00:00
[2026-05-02T00:44:49.170+0000] {standard_task_runner.py:90} INFO - Running: ['***', 'tasks', 'run', 'data_pipeline', 'github_producer', 'manual__2026-05-02T00:44:48.034052+00:00', '--job-id', '162', '--raw', '--subdir', 'DAGS_FOLDER/pipeline_dag.py', '--cfg-path', '/tmp/tmp97bu3obn']
[2026-05-02T00:44:49.174+0000] {standard_task_runner.py:91} INFO - Job 162: Subtask github_producer
[2026-05-02T00:44:49.175+0000] {logging_mixin.py:188} WARNING - /home/***/.local/lib/python3.12/site-packages/***/task/task_runner/standard_task_runner.py:62 DeprecationWarning: This process (pid=606) is multi-threaded, use of fork() may lead to deadlocks in the child.
[2026-05-02T00:44:49.176+0000] {standard_task_runner.py:64} INFO - Started process 609 to run task
[2026-05-02T00:44:49.268+0000] {task_command.py:426} INFO - Running <TaskInstance: data_pipeline.github_producer manual__2026-05-02T00:44:48.034052+00:00 [running]> on host 4c22c823134d
[2026-05-02T00:44:49.424+0000] {taskinstance.py:2648} INFO - Exporting env vars: AIRFLOW_CTX_DAG_OWNER='alaa' AIRFLOW_CTX_DAG_ID='data_pipeline' AIRFLOW_CTX_TASK_ID='github_producer' AIRFLOW_CTX_EXECUTION_DATE='2026-05-02T00:44:48.034052+00:00' AIRFLOW_CTX_TRY_NUMBER='1' AIRFLOW_CTX_DAG_RUN_ID='manual__2026-05-02T00:44:48.034052+00:00'
[2026-05-02T00:44:49.425+0000] {taskinstance.py:430} INFO - ::endgroup::
[2026-05-02T00:44:49.444+0000] {subprocess.py:63} INFO - Tmp dir root location: /tmp
[2026-05-02T00:44:49.444+0000] {subprocess.py:75} INFO - Running command: ['/usr/bin/bash', '-c', 'python /opt/***/producers/github_trends.py']
[2026-05-02T00:44:49.460+0000] {subprocess.py:86} INFO - Output:
[2026-05-02T00:44:53.222+0000] {subprocess.py:93} INFO - Done sending 100 events to Kafka
[2026-05-02T00:44:53.285+0000] {subprocess.py:97} INFO - Command exited with return code 0
[2026-05-02T00:44:53.286+0000] {taskinstance.py:441} INFO - ::group::Post task execution logs
[2026-05-02T00:44:53.336+0000] {taskinstance.py:1206} INFO - Marking task as SUCCESS. dag_id=data_pipeline, task_id=github_producer, run_id=manual__2026-05-02T00:44:48.034052+00:00, execution_date=20260502T004448, start_date=20260502T004449, end_date=20260502T004453
[2026-05-02T00:44:53.374+0000] {local_task_job_runner.py:243} INFO - Task exited with return code 0
[2026-05-02T00:44:53.404+0000] {taskinstance.py:3503} INFO - 0 downstream tasks scheduled from follow-on schedule check
[2026-05-02T00:44:53.407+0000] {local_task_job_runner.py:222} INFO - ::endgroup::
