[2026-05-01T23:18:37.444+0000] {local_task_job_runner.py:120} INFO - ::group::Pre task execution logs
[2026-05-01T23:18:37.464+0000] {taskinstance.py:2076} INFO - Dependencies all met for dep_context=non-requeueable deps ti=<TaskInstance: data_pipeline.github_producer manual__2026-05-01T23:08:36.398334+00:00 [queued]>
[2026-05-01T23:18:37.470+0000] {taskinstance.py:2076} INFO - Dependencies all met for dep_context=requeueable deps ti=<TaskInstance: data_pipeline.github_producer manual__2026-05-01T23:08:36.398334+00:00 [queued]>
[2026-05-01T23:18:37.470+0000] {taskinstance.py:2306} INFO - Starting attempt 3 of 3
[2026-05-01T23:18:37.482+0000] {taskinstance.py:2330} INFO - Executing <Task(BashOperator): github_producer> on 2026-05-01 23:08:36.398334+00:00
[2026-05-01T23:18:37.490+0000] {standard_task_runner.py:90} INFO - Running: ['***', 'tasks', 'run', 'data_pipeline', 'github_producer', 'manual__2026-05-01T23:08:36.398334+00:00', '--job-id', '95', '--raw', '--subdir', 'DAGS_FOLDER/pipeline_dag.py', '--cfg-path', '/tmp/tmpvovesn8n']
[2026-05-01T23:18:37.491+0000] {logging_mixin.py:188} WARNING - /home/***/.local/lib/python3.12/site-packages/***/task/task_runner/standard_task_runner.py:62 DeprecationWarning: This process (pid=1126) is multi-threaded, use of fork() may lead to deadlocks in the child.
[2026-05-01T23:18:37.492+0000] {standard_task_runner.py:91} INFO - Job 95: Subtask github_producer
[2026-05-01T23:18:37.492+0000] {standard_task_runner.py:64} INFO - Started process 1132 to run task
[2026-05-01T23:18:37.538+0000] {task_command.py:426} INFO - Running <TaskInstance: data_pipeline.github_producer manual__2026-05-01T23:08:36.398334+00:00 [running]> on host 606f9c13027b
[2026-05-01T23:18:37.601+0000] {taskinstance.py:2648} INFO - Exporting env vars: AIRFLOW_CTX_DAG_OWNER='alaa' AIRFLOW_CTX_DAG_ID='data_pipeline' AIRFLOW_CTX_TASK_ID='github_producer' AIRFLOW_CTX_EXECUTION_DATE='2026-05-01T23:08:36.398334+00:00' AIRFLOW_CTX_TRY_NUMBER='3' AIRFLOW_CTX_DAG_RUN_ID='manual__2026-05-01T23:08:36.398334+00:00'
[2026-05-01T23:18:37.601+0000] {taskinstance.py:430} INFO - ::endgroup::
[2026-05-01T23:18:37.616+0000] {subprocess.py:63} INFO - Tmp dir root location: /tmp
[2026-05-01T23:18:37.616+0000] {subprocess.py:75} INFO - Running command: ['/usr/bin/bash', '-c', 'python /opt/***/producers//producers/github_trends.py']
[2026-05-01T23:18:37.626+0000] {subprocess.py:86} INFO - Output:
[2026-05-01T23:18:37.679+0000] {subprocess.py:93} INFO - python: can't open file '/opt/***/producers//producers/github_trends.py': [Errno 2] No such file or directory
[2026-05-01T23:18:37.682+0000] {subprocess.py:97} INFO - Command exited with return code 2
[2026-05-01T23:18:37.683+0000] {taskinstance.py:441} INFO - ::group::Post task execution logs
[2026-05-01T23:18:37.693+0000] {taskinstance.py:2905} ERROR - Task failed with exception
Traceback (most recent call last):
  File "/home/airflow/.local/lib/python3.12/site-packages/airflow/models/taskinstance.py", line 465, in _execute_task
    result = _execute_callable(context=context, **execute_callable_kwargs)
             ^^^^^^^^^^^^^^^^^^^^^^^^^^^^^^^^^^^^^^^^^^^^^^^^^^^^^^^^^^^^^
  File "/home/airflow/.local/lib/python3.12/site-packages/airflow/models/taskinstance.py", line 432, in _execute_callable
    return execute_callable(context=context, **execute_callable_kwargs)
           ^^^^^^^^^^^^^^^^^^^^^^^^^^^^^^^^^^^^^^^^^^^^^^^^^^^^^^^^^^^^
  File "/home/airflow/.local/lib/python3.12/site-packages/airflow/models/baseoperator.py", line 401, in wrapper
    return func(self, *args, **kwargs)
           ^^^^^^^^^^^^^^^^^^^^^^^^^^^
  File "/home/airflow/.local/lib/python3.12/site-packages/airflow/operators/bash.py", line 243, in execute
    raise AirflowException(
airflow.exceptions.AirflowException: Bash command failed. The command returned a non-zero exit code 2.
[2026-05-01T23:18:37.695+0000] {taskinstance.py:1206} INFO - Marking task as FAILED. dag_id=data_pipeline, task_id=github_producer, run_id=manual__2026-05-01T23:08:36.398334+00:00, execution_date=20260501T230836, start_date=20260501T231837, end_date=20260501T231837
[2026-05-01T23:18:37.703+0000] {standard_task_runner.py:110} ERROR - Failed to execute job 95 for task github_producer (Bash command failed. The command returned a non-zero exit code 2.; 1132)
[2026-05-01T23:18:37.746+0000] {local_task_job_runner.py:243} INFO - Task exited with return code 1
[2026-05-01T23:18:37.754+0000] {local_task_job_runner.py:222} INFO - ::endgroup::
