[2026-05-02T00:44:49.062+0000] {local_task_job_runner.py:120} INFO - ::group::Pre task execution logs
[2026-05-02T00:44:49.125+0000] {taskinstance.py:2076} INFO - Dependencies all met for dep_context=non-requeueable deps ti=<TaskInstance: data_pipeline.news_producer manual__2026-05-02T00:44:48.034052+00:00 [queued]>
[2026-05-02T00:44:49.140+0000] {taskinstance.py:2076} INFO - Dependencies all met for dep_context=requeueable deps ti=<TaskInstance: data_pipeline.news_producer manual__2026-05-02T00:44:48.034052+00:00 [queued]>
[2026-05-02T00:44:49.141+0000] {taskinstance.py:2306} INFO - Starting attempt 1 of 3
[2026-05-02T00:44:49.166+0000] {taskinstance.py:2330} INFO - Executing <Task(BashOperator): news_producer> on 2026-05-02 00:44:48.034052+00:00
[2026-05-02T00:44:49.183+0000] {standard_task_runner.py:90} INFO - Running: ['***', 'tasks', 'run', 'data_pipeline', 'news_producer', 'manual__2026-05-02T00:44:48.034052+00:00', '--job-id', '161', '--raw', '--subdir', 'DAGS_FOLDER/pipeline_dag.py', '--cfg-path', '/tmp/tmp6i0356ha']
[2026-05-02T00:44:49.188+0000] {standard_task_runner.py:91} INFO - Job 161: Subtask news_producer
[2026-05-02T00:44:49.192+0000] {logging_mixin.py:188} WARNING - /home/***/.local/lib/python3.12/site-packages/***/task/task_runner/standard_task_runner.py:62 DeprecationWarning: This process (pid=607) is multi-threaded, use of fork() may lead to deadlocks in the child.
[2026-05-02T00:44:49.193+0000] {standard_task_runner.py:64} INFO - Started process 611 to run task
[2026-05-02T00:44:49.292+0000] {task_command.py:426} INFO - Running <TaskInstance: data_pipeline.news_producer manual__2026-05-02T00:44:48.034052+00:00 [running]> on host 4c22c823134d
[2026-05-02T00:44:49.428+0000] {taskinstance.py:2648} INFO - Exporting env vars: AIRFLOW_CTX_DAG_OWNER='alaa' AIRFLOW_CTX_DAG_ID='data_pipeline' AIRFLOW_CTX_TASK_ID='news_producer' AIRFLOW_CTX_EXECUTION_DATE='2026-05-02T00:44:48.034052+00:00' AIRFLOW_CTX_TRY_NUMBER='1' AIRFLOW_CTX_DAG_RUN_ID='manual__2026-05-02T00:44:48.034052+00:00'
[2026-05-02T00:44:49.429+0000] {taskinstance.py:430} INFO - ::endgroup::
[2026-05-02T00:44:49.450+0000] {subprocess.py:63} INFO - Tmp dir root location: /tmp
[2026-05-02T00:44:49.451+0000] {subprocess.py:75} INFO - Running command: ['/usr/bin/bash', '-c', 'python /opt/***/producers/news_producers.py']
[2026-05-02T00:44:49.465+0000] {subprocess.py:86} INFO - Output:
[2026-05-02T00:44:51.508+0000] {subprocess.py:93} INFO - ✅ Sent 19 articles to Kafka
[2026-05-02T00:44:51.579+0000] {subprocess.py:97} INFO - Command exited with return code 0
[2026-05-02T00:44:51.580+0000] {taskinstance.py:441} INFO - ::group::Post task execution logs
[2026-05-02T00:44:51.617+0000] {taskinstance.py:1206} INFO - Marking task as SUCCESS. dag_id=data_pipeline, task_id=news_producer, run_id=manual__2026-05-02T00:44:48.034052+00:00, execution_date=20260502T004448, start_date=20260502T004449, end_date=20260502T004451
[2026-05-02T00:44:51.659+0000] {local_task_job_runner.py:243} INFO - Task exited with return code 0
[2026-05-02T00:44:51.691+0000] {taskinstance.py:3503} INFO - 0 downstream tasks scheduled from follow-on schedule check
[2026-05-02T00:44:51.693+0000] {local_task_job_runner.py:222} INFO - ::endgroup::
