[2026-05-01T15:52:52.962+0000] {local_task_job_runner.py:120} INFO - ::group::Pre task execution logs
[2026-05-01T15:52:53.009+0000] {taskinstance.py:2076} INFO - Dependencies all met for dep_context=non-requeueable deps ti=<TaskInstance: data_pipeline.exchange_rate_producer manual__2026-05-01T15:52:51.643069+00:00 [queued]>
[2026-05-01T15:52:53.028+0000] {taskinstance.py:2076} INFO - Dependencies all met for dep_context=requeueable deps ti=<TaskInstance: data_pipeline.exchange_rate_producer manual__2026-05-01T15:52:51.643069+00:00 [queued]>
[2026-05-01T15:52:53.029+0000] {taskinstance.py:2306} INFO - Starting attempt 1 of 3
[2026-05-01T15:52:53.061+0000] {taskinstance.py:2330} INFO - Executing <Task(BashOperator): exchange_rate_producer> on 2026-05-01 15:52:51.643069+00:00
[2026-05-01T15:52:53.075+0000] {standard_task_runner.py:90} INFO - Running: ['***', 'tasks', 'run', 'data_pipeline', 'exchange_rate_producer', 'manual__2026-05-01T15:52:51.643069+00:00', '--job-id', '10', '--raw', '--subdir', 'DAGS_FOLDER/pipeline_dag.py', '--cfg-path', '/tmp/tmpl0voh6bm']
[2026-05-01T15:52:53.079+0000] {standard_task_runner.py:91} INFO - Job 10: Subtask exchange_rate_producer
[2026-05-01T15:52:53.080+0000] {logging_mixin.py:188} WARNING - /home/***/.local/lib/python3.12/site-packages/***/task/task_runner/standard_task_runner.py:62 DeprecationWarning: This process (pid=737) is multi-threaded, use of fork() may lead to deadlocks in the child.
[2026-05-01T15:52:53.081+0000] {standard_task_runner.py:64} INFO - Started process 740 to run task
[2026-05-01T15:52:53.170+0000] {task_command.py:426} INFO - Running <TaskInstance: data_pipeline.exchange_rate_producer manual__2026-05-01T15:52:51.643069+00:00 [running]> on host 98d3e6132196
[2026-05-01T15:52:53.338+0000] {taskinstance.py:2648} INFO - Exporting env vars: AIRFLOW_CTX_DAG_OWNER='alaa' AIRFLOW_CTX_DAG_ID='data_pipeline' AIRFLOW_CTX_TASK_ID='exchange_rate_producer' AIRFLOW_CTX_EXECUTION_DATE='2026-05-01T15:52:51.643069+00:00' AIRFLOW_CTX_TRY_NUMBER='1' AIRFLOW_CTX_DAG_RUN_ID='manual__2026-05-01T15:52:51.643069+00:00'
[2026-05-01T15:52:53.339+0000] {taskinstance.py:430} INFO - ::endgroup::
[2026-05-01T15:52:53.366+0000] {subprocess.py:63} INFO - Tmp dir root location: /tmp
[2026-05-01T15:52:53.367+0000] {subprocess.py:75} INFO - Running command: ['/usr/bin/bash', '-c', '/home/hadoop/end_to_end_data_engineering_project/climate/bin/python /home/hadoop/end_to_end_data_engineering_project/producers/exchange_rate.py']
[2026-05-01T15:52:53.380+0000] {subprocess.py:86} INFO - Output:
[2026-05-01T15:52:53.381+0000] {subprocess.py:93} INFO - /usr/bin/bash: line 1: /home/hadoop/end_to_end_data_engineering_project/climate/bin/python: No such file or directory
[2026-05-01T15:52:53.382+0000] {subprocess.py:97} INFO - Command exited with return code 127
[2026-05-01T15:52:53.382+0000] {taskinstance.py:441} INFO - ::group::Post task execution logs
[2026-05-01T15:52:53.400+0000] {taskinstance.py:2905} ERROR - Task failed with exception
Traceback (most recent call last):
  File "/home/airflow/.local/lib/python3.12/site-packages/airflow/models/taskinstance.py", line 465, in _execute_task
    result = _execute_callable(context=context, **execute_callable_kwargs)
             ^^^^^^^^^^^^^^^^^^^^^^^^^^^^^^^^^^^^^^^^^^^^^^^^^^^^^^^^^^^^^
  File "/home/airflow/.local/lib/python3.12/site-packages/airflow/models/taskinstance.py", line 432, in _execute_callable
    return execute_callable(context=context, **execute_callable_kwargs)
           ^^^^^^^^^^^^^^^^^^^^^^^^^^^^^^^^^^^^^^^^^^^^^^^^^^^^^^^^^^^^
  File "/home/airflow/.local/lib/python3.12/site-packages/airflow/models/baseoperator.py", line 401, in wrapper
    return func(self, *args, **kwargs)
           ^^^^^^^^^^^^^^^^^^^^^^^^^^^
  File "/home/airflow/.local/lib/python3.12/site-packages/airflow/operators/bash.py", line 243, in execute
    raise AirflowException(
airflow.exceptions.AirflowException: Bash command failed. The command returned a non-zero exit code 127.
[2026-05-01T15:52:53.406+0000] {taskinstance.py:1206} INFO - Marking task as UP_FOR_RETRY. dag_id=data_pipeline, task_id=exchange_rate_producer, run_id=manual__2026-05-01T15:52:51.643069+00:00, execution_date=20260501T155251, start_date=20260501T155253, end_date=20260501T155253
[2026-05-01T15:52:53.430+0000] {standard_task_runner.py:110} ERROR - Failed to execute job 10 for task exchange_rate_producer (Bash command failed. The command returned a non-zero exit code 127.; 740)
[2026-05-01T15:52:53.456+0000] {local_task_job_runner.py:243} INFO - Task exited with return code 1
[2026-05-01T15:52:53.490+0000] {taskinstance.py:3503} INFO - 0 downstream tasks scheduled from follow-on schedule check
[2026-05-01T15:52:53.493+0000] {local_task_job_runner.py:222} INFO - ::endgroup::
