[2026-05-02T00:32:21.333+0000] {local_task_job_runner.py:120} INFO - ::group::Pre task execution logs
[2026-05-02T00:32:21.388+0000] {taskinstance.py:2076} INFO - Dependencies all met for dep_context=non-requeueable deps ti=<TaskInstance: data_pipeline.exchange_rate_producer manual__2026-05-02T00:26:18.252846+00:00 [queued]>
[2026-05-02T00:32:21.400+0000] {taskinstance.py:2076} INFO - Dependencies all met for dep_context=requeueable deps ti=<TaskInstance: data_pipeline.exchange_rate_producer manual__2026-05-02T00:26:18.252846+00:00 [queued]>
[2026-05-02T00:32:21.400+0000] {taskinstance.py:2306} INFO - Starting attempt 2 of 3
[2026-05-02T00:32:21.415+0000] {taskinstance.py:2330} INFO - Executing <Task(BashOperator): exchange_rate_producer> on 2026-05-02 00:26:18.252846+00:00
[2026-05-02T00:32:21.424+0000] {standard_task_runner.py:90} INFO - Running: ['***', 'tasks', 'run', 'data_pipeline', 'exchange_rate_producer', 'manual__2026-05-02T00:26:18.252846+00:00', '--job-id', '151', '--raw', '--subdir', 'DAGS_FOLDER/pipeline_dag.py', '--cfg-path', '/tmp/tmpn9si6y7t']
[2026-05-02T00:32:21.426+0000] {standard_task_runner.py:91} INFO - Job 151: Subtask exchange_rate_producer
[2026-05-02T00:32:21.427+0000] {logging_mixin.py:188} WARNING - /home/***/.local/lib/python3.12/site-packages/***/task/task_runner/standard_task_runner.py:62 DeprecationWarning: This process (pid=447) is multi-threaded, use of fork() may lead to deadlocks in the child.
[2026-05-02T00:32:21.428+0000] {standard_task_runner.py:64} INFO - Started process 448 to run task
[2026-05-02T00:32:21.521+0000] {task_command.py:426} INFO - Running <TaskInstance: data_pipeline.exchange_rate_producer manual__2026-05-02T00:26:18.252846+00:00 [running]> on host 4c22c823134d
[2026-05-02T00:32:21.655+0000] {taskinstance.py:2648} INFO - Exporting env vars: AIRFLOW_CTX_DAG_OWNER='alaa' AIRFLOW_CTX_DAG_ID='data_pipeline' AIRFLOW_CTX_TASK_ID='exchange_rate_producer' AIRFLOW_CTX_EXECUTION_DATE='2026-05-02T00:26:18.252846+00:00' AIRFLOW_CTX_TRY_NUMBER='2' AIRFLOW_CTX_DAG_RUN_ID='manual__2026-05-02T00:26:18.252846+00:00'
[2026-05-02T00:32:21.656+0000] {taskinstance.py:430} INFO - ::endgroup::
[2026-05-02T00:32:21.679+0000] {subprocess.py:63} INFO - Tmp dir root location: /tmp
[2026-05-02T00:32:21.680+0000] {subprocess.py:75} INFO - Running command: ['/usr/bin/bash', '-c', 'python /opt/***/producers/exchange_rate.py']
[2026-05-02T00:32:21.699+0000] {subprocess.py:86} INFO - Output:
[2026-05-02T00:33:22.921+0000] {subprocess.py:93} INFO - Traceback (most recent call last):
[2026-05-02T00:33:22.922+0000] {subprocess.py:93} INFO -   File "/opt/***/producers/exchange_rate.py", line 76, in <module>
[2026-05-02T00:33:22.922+0000] {subprocess.py:93} INFO -     main()
[2026-05-02T00:33:22.923+0000] {subprocess.py:93} INFO -   File "/opt/***/producers/exchange_rate.py", line 72, in main
[2026-05-02T00:33:22.923+0000] {subprocess.py:93} INFO -     send_data(events)
[2026-05-02T00:33:22.923+0000] {subprocess.py:93} INFO -   File "/opt/***/producers/exchange_rate.py", line 59, in send_data
[2026-05-02T00:33:22.924+0000] {subprocess.py:93} INFO -     producer.send("currency_rate", value=event)
[2026-05-02T00:33:22.924+0000] {subprocess.py:93} INFO -   File "/home/***/.local/lib/python3.12/site-packages/kafka/producer/kafka.py", line 844, in send
[2026-05-02T00:33:22.924+0000] {subprocess.py:93} INFO -     self._wait_on_metadata(topic, timer.timeout_ms)
[2026-05-02T00:33:22.925+0000] {subprocess.py:93} INFO -   File "/home/***/.local/lib/python3.12/site-packages/kafka/producer/kafka.py", line 968, in _wait_on_metadata
[2026-05-02T00:33:22.925+0000] {subprocess.py:93} INFO -     raise Errors.KafkaTimeoutError(
[2026-05-02T00:33:22.925+0000] {subprocess.py:93} INFO - kafka.errors.KafkaTimeoutError: KafkaTimeoutError: Failed to update metadata after 60.0 secs.
[2026-05-02T00:33:22.998+0000] {subprocess.py:97} INFO - Command exited with return code 1
[2026-05-02T00:33:22.999+0000] {taskinstance.py:441} INFO - ::group::Post task execution logs
[2026-05-02T00:33:23.017+0000] {taskinstance.py:2905} ERROR - Task failed with exception
Traceback (most recent call last):
  File "/home/airflow/.local/lib/python3.12/site-packages/airflow/models/taskinstance.py", line 465, in _execute_task
    result = _execute_callable(context=context, **execute_callable_kwargs)
             ^^^^^^^^^^^^^^^^^^^^^^^^^^^^^^^^^^^^^^^^^^^^^^^^^^^^^^^^^^^^^
  File "/home/airflow/.local/lib/python3.12/site-packages/airflow/models/taskinstance.py", line 432, in _execute_callable
    return execute_callable(context=context, **execute_callable_kwargs)
           ^^^^^^^^^^^^^^^^^^^^^^^^^^^^^^^^^^^^^^^^^^^^^^^^^^^^^^^^^^^^
  File "/home/airflow/.local/lib/python3.12/site-packages/airflow/models/baseoperator.py", line 401, in wrapper
    return func(self, *args, **kwargs)
           ^^^^^^^^^^^^^^^^^^^^^^^^^^^
  File "/home/airflow/.local/lib/python3.12/site-packages/airflow/operators/bash.py", line 243, in execute
    raise AirflowException(
airflow.exceptions.AirflowException: Bash command failed. The command returned a non-zero exit code 1.
[2026-05-02T00:33:23.023+0000] {taskinstance.py:1206} INFO - Marking task as UP_FOR_RETRY. dag_id=data_pipeline, task_id=exchange_rate_producer, run_id=manual__2026-05-02T00:26:18.252846+00:00, execution_date=20260502T002618, start_date=20260502T003221, end_date=20260502T003323
[2026-05-02T00:33:23.044+0000] {standard_task_runner.py:110} ERROR - Failed to execute job 151 for task exchange_rate_producer (Bash command failed. The command returned a non-zero exit code 1.; 448)
[2026-05-02T00:33:23.057+0000] {local_task_job_runner.py:243} INFO - Task exited with return code 1
[2026-05-02T00:33:23.083+0000] {taskinstance.py:3503} INFO - 0 downstream tasks scheduled from follow-on schedule check
[2026-05-02T00:33:23.086+0000] {local_task_job_runner.py:222} INFO - ::endgroup::
