[2026-05-01T23:13:37.057+0000] {local_task_job_runner.py:120} INFO - ::group::Pre task execution logs
[2026-05-01T23:13:37.084+0000] {taskinstance.py:2076} INFO - Dependencies all met for dep_context=non-requeueable deps ti=<TaskInstance: data_pipeline.jobs_producer manual__2026-05-01T23:08:36.398334+00:00 [queued]>
[2026-05-01T23:13:37.091+0000] {taskinstance.py:2076} INFO - Dependencies all met for dep_context=requeueable deps ti=<TaskInstance: data_pipeline.jobs_producer manual__2026-05-01T23:08:36.398334+00:00 [queued]>
[2026-05-01T23:13:37.091+0000] {taskinstance.py:2306} INFO - Starting attempt 2 of 3
[2026-05-01T23:13:37.100+0000] {taskinstance.py:2330} INFO - Executing <Task(BashOperator): jobs_producer> on 2026-05-01 23:08:36.398334+00:00
[2026-05-01T23:13:37.107+0000] {logging_mixin.py:188} WARNING - /home/***/.local/lib/python3.12/site-packages/***/task/task_runner/standard_task_runner.py:62 DeprecationWarning: This process (pid=1066) is multi-threaded, use of fork() may lead to deadlocks in the child.
[2026-05-01T23:13:37.107+0000] {standard_task_runner.py:64} INFO - Started process 1070 to run task
[2026-05-01T23:13:37.107+0000] {standard_task_runner.py:90} INFO - Running: ['***', 'tasks', 'run', 'data_pipeline', 'jobs_producer', 'manual__2026-05-01T23:08:36.398334+00:00', '--job-id', '91', '--raw', '--subdir', 'DAGS_FOLDER/pipeline_dag.py', '--cfg-path', '/tmp/tmph2r78f6n']
[2026-05-01T23:13:37.108+0000] {standard_task_runner.py:91} INFO - Job 91: Subtask jobs_producer
[2026-05-01T23:13:37.146+0000] {task_command.py:426} INFO - Running <TaskInstance: data_pipeline.jobs_producer manual__2026-05-01T23:08:36.398334+00:00 [running]> on host 606f9c13027b
[2026-05-01T23:13:37.220+0000] {taskinstance.py:2648} INFO - Exporting env vars: AIRFLOW_CTX_DAG_OWNER='alaa' AIRFLOW_CTX_DAG_ID='data_pipeline' AIRFLOW_CTX_TASK_ID='jobs_producer' AIRFLOW_CTX_EXECUTION_DATE='2026-05-01T23:08:36.398334+00:00' AIRFLOW_CTX_TRY_NUMBER='2' AIRFLOW_CTX_DAG_RUN_ID='manual__2026-05-01T23:08:36.398334+00:00'
[2026-05-01T23:13:37.221+0000] {taskinstance.py:430} INFO - ::endgroup::
[2026-05-01T23:13:37.231+0000] {subprocess.py:63} INFO - Tmp dir root location: /tmp
[2026-05-01T23:13:37.232+0000] {subprocess.py:75} INFO - Running command: ['/usr/bin/bash', '-c', 'python /opt/***/producers//producers/jobs_producer.py']
[2026-05-01T23:13:37.242+0000] {subprocess.py:86} INFO - Output:
[2026-05-01T23:13:37.285+0000] {subprocess.py:93} INFO - python: can't open file '/opt/***/producers//producers/jobs_producer.py': [Errno 2] No such file or directory
[2026-05-01T23:13:37.288+0000] {subprocess.py:97} INFO - Command exited with return code 2
[2026-05-01T23:13:37.289+0000] {taskinstance.py:441} INFO - ::group::Post task execution logs
[2026-05-01T23:13:37.296+0000] {taskinstance.py:2905} ERROR - Task failed with exception
Traceback (most recent call last):
  File "/home/airflow/.local/lib/python3.12/site-packages/airflow/models/taskinstance.py", line 465, in _execute_task
    result = _execute_callable(context=context, **execute_callable_kwargs)
             ^^^^^^^^^^^^^^^^^^^^^^^^^^^^^^^^^^^^^^^^^^^^^^^^^^^^^^^^^^^^^
  File "/home/airflow/.local/lib/python3.12/site-packages/airflow/models/taskinstance.py", line 432, in _execute_callable
    return execute_callable(context=context, **execute_callable_kwargs)
           ^^^^^^^^^^^^^^^^^^^^^^^^^^^^^^^^^^^^^^^^^^^^^^^^^^^^^^^^^^^^
  File "/home/airflow/.local/lib/python3.12/site-packages/airflow/models/baseoperator.py", line 401, in wrapper
    return func(self, *args, **kwargs)
           ^^^^^^^^^^^^^^^^^^^^^^^^^^^
  File "/home/airflow/.local/lib/python3.12/site-packages/airflow/operators/bash.py", line 243, in execute
    raise AirflowException(
airflow.exceptions.AirflowException: Bash command failed. The command returned a non-zero exit code 2.
[2026-05-01T23:13:37.299+0000] {taskinstance.py:1206} INFO - Marking task as UP_FOR_RETRY. dag_id=data_pipeline, task_id=jobs_producer, run_id=manual__2026-05-01T23:08:36.398334+00:00, execution_date=20260501T230836, start_date=20260501T231337, end_date=20260501T231337
[2026-05-01T23:13:37.308+0000] {standard_task_runner.py:110} ERROR - Failed to execute job 91 for task jobs_producer (Bash command failed. The command returned a non-zero exit code 2.; 1070)
[2026-05-01T23:13:37.320+0000] {local_task_job_runner.py:243} INFO - Task exited with return code 1
[2026-05-01T23:13:37.336+0000] {taskinstance.py:3503} INFO - 0 downstream tasks scheduled from follow-on schedule check
[2026-05-01T23:13:37.338+0000] {local_task_job_runner.py:222} INFO - ::endgroup::
