[2026-05-01T23:56:12.637+0000] {local_task_job_runner.py:120} INFO - ::group::Pre task execution logs
[2026-05-01T23:56:12.661+0000] {taskinstance.py:2076} INFO - Dependencies all met for dep_context=non-requeueable deps ti=<TaskInstance: data_pipeline.github_producer manual__2026-05-01T23:51:09.786995+00:00 [queued]>
[2026-05-01T23:56:12.667+0000] {taskinstance.py:2076} INFO - Dependencies all met for dep_context=requeueable deps ti=<TaskInstance: data_pipeline.github_producer manual__2026-05-01T23:51:09.786995+00:00 [queued]>
[2026-05-01T23:56:12.668+0000] {taskinstance.py:2306} INFO - Starting attempt 2 of 3
[2026-05-01T23:56:12.676+0000] {taskinstance.py:2330} INFO - Executing <Task(BashOperator): github_producer> on 2026-05-01 23:51:09.786995+00:00
[2026-05-01T23:56:12.682+0000] {standard_task_runner.py:90} INFO - Running: ['***', 'tasks', 'run', 'data_pipeline', 'github_producer', 'manual__2026-05-01T23:51:09.786995+00:00', '--job-id', '127', '--raw', '--subdir', 'DAGS_FOLDER/pipeline_dag.py', '--cfg-path', '/tmp/tmp5h5fpsm4']
[2026-05-01T23:56:12.683+0000] {standard_task_runner.py:91} INFO - Job 127: Subtask github_producer
[2026-05-01T23:56:12.683+0000] {logging_mixin.py:188} WARNING - /home/***/.local/lib/python3.12/site-packages/***/task/task_runner/standard_task_runner.py:62 DeprecationWarning: This process (pid=264) is multi-threaded, use of fork() may lead to deadlocks in the child.
[2026-05-01T23:56:12.683+0000] {standard_task_runner.py:64} INFO - Started process 265 to run task
[2026-05-01T23:56:12.723+0000] {task_command.py:426} INFO - Running <TaskInstance: data_pipeline.github_producer manual__2026-05-01T23:51:09.786995+00:00 [running]> on host 4337e3ea040e
[2026-05-01T23:56:12.776+0000] {taskinstance.py:2648} INFO - Exporting env vars: AIRFLOW_CTX_DAG_OWNER='alaa' AIRFLOW_CTX_DAG_ID='data_pipeline' AIRFLOW_CTX_TASK_ID='github_producer' AIRFLOW_CTX_EXECUTION_DATE='2026-05-01T23:51:09.786995+00:00' AIRFLOW_CTX_TRY_NUMBER='2' AIRFLOW_CTX_DAG_RUN_ID='manual__2026-05-01T23:51:09.786995+00:00'
[2026-05-01T23:56:12.777+0000] {taskinstance.py:430} INFO - ::endgroup::
[2026-05-01T23:56:12.785+0000] {subprocess.py:63} INFO - Tmp dir root location: /tmp
[2026-05-01T23:56:12.785+0000] {subprocess.py:75} INFO - Running command: ['/usr/bin/bash', '-c', 'python /opt/***/producers/github_trends.py']
[2026-05-01T23:56:12.793+0000] {subprocess.py:86} INFO - Output:
[2026-05-01T23:56:13.212+0000] {subprocess.py:93} INFO - Traceback (most recent call last):
[2026-05-01T23:56:13.212+0000] {subprocess.py:93} INFO -   File "/opt/***/producers/github_trends.py", line 71, in <module>
[2026-05-01T23:56:13.212+0000] {subprocess.py:93} INFO -     run_pipeline()
[2026-05-01T23:56:13.212+0000] {subprocess.py:93} INFO -     ^^^^^^^^^^^^
[2026-05-01T23:56:13.212+0000] {subprocess.py:93} INFO - NameError: name 'run_pipeline' is not defined
[2026-05-01T23:56:13.242+0000] {subprocess.py:97} INFO - Command exited with return code 1
[2026-05-01T23:56:13.242+0000] {taskinstance.py:441} INFO - ::group::Post task execution logs
[2026-05-01T23:56:13.252+0000] {taskinstance.py:2905} ERROR - Task failed with exception
Traceback (most recent call last):
  File "/home/airflow/.local/lib/python3.12/site-packages/airflow/models/taskinstance.py", line 465, in _execute_task
    result = _execute_callable(context=context, **execute_callable_kwargs)
             ^^^^^^^^^^^^^^^^^^^^^^^^^^^^^^^^^^^^^^^^^^^^^^^^^^^^^^^^^^^^^
  File "/home/airflow/.local/lib/python3.12/site-packages/airflow/models/taskinstance.py", line 432, in _execute_callable
    return execute_callable(context=context, **execute_callable_kwargs)
           ^^^^^^^^^^^^^^^^^^^^^^^^^^^^^^^^^^^^^^^^^^^^^^^^^^^^^^^^^^^^
  File "/home/airflow/.local/lib/python3.12/site-packages/airflow/models/baseoperator.py", line 401, in wrapper
    return func(self, *args, **kwargs)
           ^^^^^^^^^^^^^^^^^^^^^^^^^^^
  File "/home/airflow/.local/lib/python3.12/site-packages/airflow/operators/bash.py", line 243, in execute
    raise AirflowException(
airflow.exceptions.AirflowException: Bash command failed. The command returned a non-zero exit code 1.
[2026-05-01T23:56:13.254+0000] {taskinstance.py:1206} INFO - Marking task as UP_FOR_RETRY. dag_id=data_pipeline, task_id=github_producer, run_id=manual__2026-05-01T23:51:09.786995+00:00, execution_date=20260501T235109, start_date=20260501T235612, end_date=20260501T235613
[2026-05-01T23:56:13.263+0000] {standard_task_runner.py:110} ERROR - Failed to execute job 127 for task github_producer (Bash command failed. The command returned a non-zero exit code 1.; 265)
[2026-05-01T23:56:13.298+0000] {local_task_job_runner.py:243} INFO - Task exited with return code 1
[2026-05-01T23:56:13.325+0000] {taskinstance.py:3503} INFO - 0 downstream tasks scheduled from follow-on schedule check
[2026-05-01T23:56:13.327+0000] {local_task_job_runner.py:222} INFO - ::endgroup::
