[2026-05-02T00:18:15.356+0000] {local_task_job_runner.py:120} INFO - ::group::Pre task execution logs
[2026-05-02T00:18:15.410+0000] {taskinstance.py:2076} INFO - Dependencies all met for dep_context=non-requeueable deps ti=<TaskInstance: data_pipeline.github_producer manual__2026-05-02T00:13:13.298656+00:00 [queued]>
[2026-05-02T00:18:15.423+0000] {taskinstance.py:2076} INFO - Dependencies all met for dep_context=requeueable deps ti=<TaskInstance: data_pipeline.github_producer manual__2026-05-02T00:13:13.298656+00:00 [queued]>
[2026-05-02T00:18:15.423+0000] {taskinstance.py:2306} INFO - Starting attempt 2 of 3
[2026-05-02T00:18:15.450+0000] {taskinstance.py:2330} INFO - Executing <Task(BashOperator): github_producer> on 2026-05-02 00:13:13.298656+00:00
[2026-05-02T00:18:15.461+0000] {standard_task_runner.py:90} INFO - Running: ['***', 'tasks', 'run', 'data_pipeline', 'github_producer', 'manual__2026-05-02T00:13:13.298656+00:00', '--job-id', '140', '--raw', '--subdir', 'DAGS_FOLDER/pipeline_dag.py', '--cfg-path', '/tmp/tmp2u3xe6a8']
[2026-05-02T00:18:15.465+0000] {standard_task_runner.py:91} INFO - Job 140: Subtask github_producer
[2026-05-02T00:18:15.466+0000] {logging_mixin.py:188} WARNING - /home/***/.local/lib/python3.12/site-packages/***/task/task_runner/standard_task_runner.py:62 DeprecationWarning: This process (pid=261) is multi-threaded, use of fork() may lead to deadlocks in the child.
[2026-05-02T00:18:15.467+0000] {standard_task_runner.py:64} INFO - Started process 262 to run task
[2026-05-02T00:18:15.553+0000] {task_command.py:426} INFO - Running <TaskInstance: data_pipeline.github_producer manual__2026-05-02T00:13:13.298656+00:00 [running]> on host 4c22c823134d
[2026-05-02T00:18:15.681+0000] {taskinstance.py:2648} INFO - Exporting env vars: AIRFLOW_CTX_DAG_OWNER='alaa' AIRFLOW_CTX_DAG_ID='data_pipeline' AIRFLOW_CTX_TASK_ID='github_producer' AIRFLOW_CTX_EXECUTION_DATE='2026-05-02T00:13:13.298656+00:00' AIRFLOW_CTX_TRY_NUMBER='2' AIRFLOW_CTX_DAG_RUN_ID='manual__2026-05-02T00:13:13.298656+00:00'
[2026-05-02T00:18:15.682+0000] {taskinstance.py:430} INFO - ::endgroup::
[2026-05-02T00:18:15.704+0000] {subprocess.py:63} INFO - Tmp dir root location: /tmp
[2026-05-02T00:18:15.704+0000] {subprocess.py:75} INFO - Running command: ['/usr/bin/bash', '-c', 'python /opt/***/producers/github_trends.py']
[2026-05-02T00:18:15.722+0000] {subprocess.py:86} INFO - Output:
[2026-05-02T00:18:16.590+0000] {subprocess.py:93} INFO - Traceback (most recent call last):
[2026-05-02T00:18:16.591+0000] {subprocess.py:93} INFO -   File "/opt/***/producers/github_trends.py", line 71, in <module>
[2026-05-02T00:18:16.591+0000] {subprocess.py:93} INFO -     run()
[2026-05-02T00:18:16.591+0000] {subprocess.py:93} INFO -     ^^^
[2026-05-02T00:18:16.591+0000] {subprocess.py:93} INFO - NameError: name 'run' is not defined
[2026-05-02T00:18:16.645+0000] {subprocess.py:97} INFO - Command exited with return code 1
[2026-05-02T00:18:16.647+0000] {taskinstance.py:441} INFO - ::group::Post task execution logs
[2026-05-02T00:18:16.664+0000] {taskinstance.py:2905} ERROR - Task failed with exception
Traceback (most recent call last):
  File "/home/airflow/.local/lib/python3.12/site-packages/airflow/models/taskinstance.py", line 465, in _execute_task
    result = _execute_callable(context=context, **execute_callable_kwargs)
             ^^^^^^^^^^^^^^^^^^^^^^^^^^^^^^^^^^^^^^^^^^^^^^^^^^^^^^^^^^^^^
  File "/home/airflow/.local/lib/python3.12/site-packages/airflow/models/taskinstance.py", line 432, in _execute_callable
    return execute_callable(context=context, **execute_callable_kwargs)
           ^^^^^^^^^^^^^^^^^^^^^^^^^^^^^^^^^^^^^^^^^^^^^^^^^^^^^^^^^^^^
  File "/home/airflow/.local/lib/python3.12/site-packages/airflow/models/baseoperator.py", line 401, in wrapper
    return func(self, *args, **kwargs)
           ^^^^^^^^^^^^^^^^^^^^^^^^^^^
  File "/home/airflow/.local/lib/python3.12/site-packages/airflow/operators/bash.py", line 243, in execute
    raise AirflowException(
airflow.exceptions.AirflowException: Bash command failed. The command returned a non-zero exit code 1.
[2026-05-02T00:18:16.669+0000] {taskinstance.py:1206} INFO - Marking task as UP_FOR_RETRY. dag_id=data_pipeline, task_id=github_producer, run_id=manual__2026-05-02T00:13:13.298656+00:00, execution_date=20260502T001313, start_date=20260502T001815, end_date=20260502T001816
[2026-05-02T00:18:16.701+0000] {standard_task_runner.py:110} ERROR - Failed to execute job 140 for task github_producer (Bash command failed. The command returned a non-zero exit code 1.; 262)
[2026-05-02T00:18:16.726+0000] {local_task_job_runner.py:243} INFO - Task exited with return code 1
[2026-05-02T00:18:16.760+0000] {taskinstance.py:3503} INFO - 0 downstream tasks scheduled from follow-on schedule check
[2026-05-02T00:18:16.763+0000] {local_task_job_runner.py:222} INFO - ::endgroup::
