[2026-05-02T00:44:49.047+0000] {local_task_job_runner.py:120} INFO - ::group::Pre task execution logs
[2026-05-02T00:44:49.109+0000] {taskinstance.py:2076} INFO - Dependencies all met for dep_context=non-requeueable deps ti=<TaskInstance: data_pipeline.jobs_producer manual__2026-05-02T00:44:48.034052+00:00 [queued]>
[2026-05-02T00:44:49.122+0000] {taskinstance.py:2076} INFO - Dependencies all met for dep_context=requeueable deps ti=<TaskInstance: data_pipeline.jobs_producer manual__2026-05-02T00:44:48.034052+00:00 [queued]>
[2026-05-02T00:44:49.123+0000] {taskinstance.py:2306} INFO - Starting attempt 1 of 3
[2026-05-02T00:44:49.153+0000] {taskinstance.py:2330} INFO - Executing <Task(BashOperator): jobs_producer> on 2026-05-02 00:44:48.034052+00:00
[2026-05-02T00:44:49.166+0000] {standard_task_runner.py:90} INFO - Running: ['***', 'tasks', 'run', 'data_pipeline', 'jobs_producer', 'manual__2026-05-02T00:44:48.034052+00:00', '--job-id', '159', '--raw', '--subdir', 'DAGS_FOLDER/pipeline_dag.py', '--cfg-path', '/tmp/tmppbzzbq1w']
[2026-05-02T00:44:49.171+0000] {standard_task_runner.py:91} INFO - Job 159: Subtask jobs_producer
[2026-05-02T00:44:49.172+0000] {logging_mixin.py:188} WARNING - /home/***/.local/lib/python3.12/site-packages/***/task/task_runner/standard_task_runner.py:62 DeprecationWarning: This process (pid=605) is multi-threaded, use of fork() may lead to deadlocks in the child.
[2026-05-02T00:44:49.173+0000] {standard_task_runner.py:64} INFO - Started process 608 to run task
[2026-05-02T00:44:49.272+0000] {task_command.py:426} INFO - Running <TaskInstance: data_pipeline.jobs_producer manual__2026-05-02T00:44:48.034052+00:00 [running]> on host 4c22c823134d
[2026-05-02T00:44:49.427+0000] {taskinstance.py:2648} INFO - Exporting env vars: AIRFLOW_CTX_DAG_OWNER='alaa' AIRFLOW_CTX_DAG_ID='data_pipeline' AIRFLOW_CTX_TASK_ID='jobs_producer' AIRFLOW_CTX_EXECUTION_DATE='2026-05-02T00:44:48.034052+00:00' AIRFLOW_CTX_TRY_NUMBER='1' AIRFLOW_CTX_DAG_RUN_ID='manual__2026-05-02T00:44:48.034052+00:00'
[2026-05-02T00:44:49.428+0000] {taskinstance.py:430} INFO - ::endgroup::
[2026-05-02T00:44:49.456+0000] {subprocess.py:63} INFO - Tmp dir root location: /tmp
[2026-05-02T00:44:49.457+0000] {subprocess.py:75} INFO - Running command: ['/usr/bin/bash', '-c', 'python /opt/***/producers/jobs_producer.py']
[2026-05-02T00:44:49.476+0000] {subprocess.py:86} INFO - Output:
[2026-05-02T00:44:54.868+0000] {subprocess.py:93} INFO - ✅ Sent 10 events to Kafka successfully
[2026-05-02T00:44:54.930+0000] {subprocess.py:97} INFO - Command exited with return code 0
[2026-05-02T00:44:54.931+0000] {taskinstance.py:441} INFO - ::group::Post task execution logs
[2026-05-02T00:44:54.968+0000] {taskinstance.py:1206} INFO - Marking task as SUCCESS. dag_id=data_pipeline, task_id=jobs_producer, run_id=manual__2026-05-02T00:44:48.034052+00:00, execution_date=20260502T004448, start_date=20260502T004449, end_date=20260502T004454
[2026-05-02T00:44:54.998+0000] {local_task_job_runner.py:243} INFO - Task exited with return code 0
[2026-05-02T00:44:55.023+0000] {taskinstance.py:3503} INFO - 0 downstream tasks scheduled from follow-on schedule check
[2026-05-02T00:44:55.026+0000] {local_task_job_runner.py:222} INFO - ::endgroup::
