[2026-05-01T23:51:10.946+0000] {local_task_job_runner.py:120} INFO - ::group::Pre task execution logs
[2026-05-01T23:51:10.970+0000] {taskinstance.py:2076} INFO - Dependencies all met for dep_context=non-requeueable deps ti=<TaskInstance: data_pipeline.news_producer manual__2026-05-01T23:51:09.786995+00:00 [queued]>
[2026-05-01T23:51:10.975+0000] {taskinstance.py:2076} INFO - Dependencies all met for dep_context=requeueable deps ti=<TaskInstance: data_pipeline.news_producer manual__2026-05-01T23:51:09.786995+00:00 [queued]>
[2026-05-01T23:51:10.975+0000] {taskinstance.py:2306} INFO - Starting attempt 1 of 3
[2026-05-01T23:51:10.984+0000] {taskinstance.py:2330} INFO - Executing <Task(BashOperator): news_producer> on 2026-05-01 23:51:09.786995+00:00
[2026-05-01T23:51:10.993+0000] {standard_task_runner.py:90} INFO - Running: ['***', 'tasks', 'run', 'data_pipeline', 'news_producer', 'manual__2026-05-01T23:51:09.786995+00:00', '--job-id', '122', '--raw', '--subdir', 'DAGS_FOLDER/pipeline_dag.py', '--cfg-path', '/tmp/tmpljdwrphn']
[2026-05-01T23:51:10.995+0000] {standard_task_runner.py:91} INFO - Job 122: Subtask news_producer
[2026-05-01T23:51:10.995+0000] {logging_mixin.py:188} WARNING - /home/***/.local/lib/python3.12/site-packages/***/task/task_runner/standard_task_runner.py:62 DeprecationWarning: This process (pid=200) is multi-threaded, use of fork() may lead to deadlocks in the child.
[2026-05-01T23:51:10.996+0000] {standard_task_runner.py:64} INFO - Started process 204 to run task
[2026-05-01T23:51:11.043+0000] {task_command.py:426} INFO - Running <TaskInstance: data_pipeline.news_producer manual__2026-05-01T23:51:09.786995+00:00 [running]> on host 4337e3ea040e
[2026-05-01T23:51:11.113+0000] {taskinstance.py:2648} INFO - Exporting env vars: AIRFLOW_CTX_DAG_OWNER='alaa' AIRFLOW_CTX_DAG_ID='data_pipeline' AIRFLOW_CTX_TASK_ID='news_producer' AIRFLOW_CTX_EXECUTION_DATE='2026-05-01T23:51:09.786995+00:00' AIRFLOW_CTX_TRY_NUMBER='1' AIRFLOW_CTX_DAG_RUN_ID='manual__2026-05-01T23:51:09.786995+00:00'
[2026-05-01T23:51:11.113+0000] {taskinstance.py:430} INFO - ::endgroup::
[2026-05-01T23:51:11.139+0000] {subprocess.py:63} INFO - Tmp dir root location: /tmp
[2026-05-01T23:51:11.139+0000] {subprocess.py:75} INFO - Running command: ['/usr/bin/bash', '-c', 'python /opt/***/producers/news_producer.py']
[2026-05-01T23:51:11.148+0000] {subprocess.py:86} INFO - Output:
[2026-05-01T23:51:11.190+0000] {subprocess.py:93} INFO - python: can't open file '/opt/***/producers/news_producer.py': [Errno 2] No such file or directory
[2026-05-01T23:51:11.193+0000] {subprocess.py:97} INFO - Command exited with return code 2
[2026-05-01T23:51:11.194+0000] {taskinstance.py:441} INFO - ::group::Post task execution logs
[2026-05-01T23:51:11.205+0000] {taskinstance.py:2905} ERROR - Task failed with exception
Traceback (most recent call last):
  File "/home/airflow/.local/lib/python3.12/site-packages/airflow/models/taskinstance.py", line 465, in _execute_task
    result = _execute_callable(context=context, **execute_callable_kwargs)
             ^^^^^^^^^^^^^^^^^^^^^^^^^^^^^^^^^^^^^^^^^^^^^^^^^^^^^^^^^^^^^
  File "/home/airflow/.local/lib/python3.12/site-packages/airflow/models/taskinstance.py", line 432, in _execute_callable
    return execute_callable(context=context, **execute_callable_kwargs)
           ^^^^^^^^^^^^^^^^^^^^^^^^^^^^^^^^^^^^^^^^^^^^^^^^^^^^^^^^^^^^
  File "/home/airflow/.local/lib/python3.12/site-packages/airflow/models/baseoperator.py", line 401, in wrapper
    return func(self, *args, **kwargs)
           ^^^^^^^^^^^^^^^^^^^^^^^^^^^
  File "/home/airflow/.local/lib/python3.12/site-packages/airflow/operators/bash.py", line 243, in execute
    raise AirflowException(
airflow.exceptions.AirflowException: Bash command failed. The command returned a non-zero exit code 2.
[2026-05-01T23:51:11.208+0000] {taskinstance.py:1206} INFO - Marking task as UP_FOR_RETRY. dag_id=data_pipeline, task_id=news_producer, run_id=manual__2026-05-01T23:51:09.786995+00:00, execution_date=20260501T235109, start_date=20260501T235110, end_date=20260501T235111
[2026-05-01T23:51:11.221+0000] {standard_task_runner.py:110} ERROR - Failed to execute job 122 for task news_producer (Bash command failed. The command returned a non-zero exit code 2.; 204)
[2026-05-01T23:51:11.249+0000] {local_task_job_runner.py:243} INFO - Task exited with return code 1
[2026-05-01T23:51:11.266+0000] {taskinstance.py:3503} INFO - 0 downstream tasks scheduled from follow-on schedule check
[2026-05-01T23:51:11.268+0000] {local_task_job_runner.py:222} INFO - ::endgroup::
