[2026-05-02T00:01:12.585+0000] {local_task_job_runner.py:120} INFO - ::group::Pre task execution logs
[2026-05-02T00:01:12.610+0000] {taskinstance.py:2076} INFO - Dependencies all met for dep_context=non-requeueable deps ti=<TaskInstance: data_pipeline.news_producer manual__2026-05-01T23:51:09.786995+00:00 [queued]>
[2026-05-02T00:01:12.615+0000] {taskinstance.py:2076} INFO - Dependencies all met for dep_context=requeueable deps ti=<TaskInstance: data_pipeline.news_producer manual__2026-05-01T23:51:09.786995+00:00 [queued]>
[2026-05-02T00:01:12.616+0000] {taskinstance.py:2306} INFO - Starting attempt 3 of 3
[2026-05-02T00:01:12.624+0000] {taskinstance.py:2330} INFO - Executing <Task(BashOperator): news_producer> on 2026-05-01 23:51:09.786995+00:00
[2026-05-02T00:01:12.629+0000] {standard_task_runner.py:90} INFO - Running: ['***', 'tasks', 'run', 'data_pipeline', 'news_producer', 'manual__2026-05-01T23:51:09.786995+00:00', '--job-id', '130', '--raw', '--subdir', 'DAGS_FOLDER/pipeline_dag.py', '--cfg-path', '/tmp/tmpycmooahn']
[2026-05-02T00:01:12.631+0000] {standard_task_runner.py:91} INFO - Job 130: Subtask news_producer
[2026-05-02T00:01:12.631+0000] {logging_mixin.py:188} WARNING - /home/***/.local/lib/python3.12/site-packages/***/task/task_runner/standard_task_runner.py:62 DeprecationWarning: This process (pid=323) is multi-threaded, use of fork() may lead to deadlocks in the child.
[2026-05-02T00:01:12.631+0000] {standard_task_runner.py:64} INFO - Started process 324 to run task
[2026-05-02T00:01:12.670+0000] {task_command.py:426} INFO - Running <TaskInstance: data_pipeline.news_producer manual__2026-05-01T23:51:09.786995+00:00 [running]> on host 4337e3ea040e
[2026-05-02T00:01:12.727+0000] {taskinstance.py:2648} INFO - Exporting env vars: AIRFLOW_CTX_DAG_OWNER='alaa' AIRFLOW_CTX_DAG_ID='data_pipeline' AIRFLOW_CTX_TASK_ID='news_producer' AIRFLOW_CTX_EXECUTION_DATE='2026-05-01T23:51:09.786995+00:00' AIRFLOW_CTX_TRY_NUMBER='3' AIRFLOW_CTX_DAG_RUN_ID='manual__2026-05-01T23:51:09.786995+00:00'
[2026-05-02T00:01:12.728+0000] {taskinstance.py:430} INFO - ::endgroup::
[2026-05-02T00:01:12.736+0000] {subprocess.py:63} INFO - Tmp dir root location: /tmp
[2026-05-02T00:01:12.737+0000] {subprocess.py:75} INFO - Running command: ['/usr/bin/bash', '-c', 'python /opt/***/producers/news_producer.py']
[2026-05-02T00:01:12.744+0000] {subprocess.py:86} INFO - Output:
[2026-05-02T00:01:12.783+0000] {subprocess.py:93} INFO - python: can't open file '/opt/***/producers/news_producer.py': [Errno 2] No such file or directory
[2026-05-02T00:01:12.785+0000] {subprocess.py:97} INFO - Command exited with return code 2
[2026-05-02T00:01:12.786+0000] {taskinstance.py:441} INFO - ::group::Post task execution logs
[2026-05-02T00:01:12.794+0000] {taskinstance.py:2905} ERROR - Task failed with exception
Traceback (most recent call last):
  File "/home/airflow/.local/lib/python3.12/site-packages/airflow/models/taskinstance.py", line 465, in _execute_task
    result = _execute_callable(context=context, **execute_callable_kwargs)
             ^^^^^^^^^^^^^^^^^^^^^^^^^^^^^^^^^^^^^^^^^^^^^^^^^^^^^^^^^^^^^
  File "/home/airflow/.local/lib/python3.12/site-packages/airflow/models/taskinstance.py", line 432, in _execute_callable
    return execute_callable(context=context, **execute_callable_kwargs)
           ^^^^^^^^^^^^^^^^^^^^^^^^^^^^^^^^^^^^^^^^^^^^^^^^^^^^^^^^^^^^
  File "/home/airflow/.local/lib/python3.12/site-packages/airflow/models/baseoperator.py", line 401, in wrapper
    return func(self, *args, **kwargs)
           ^^^^^^^^^^^^^^^^^^^^^^^^^^^
  File "/home/airflow/.local/lib/python3.12/site-packages/airflow/operators/bash.py", line 243, in execute
    raise AirflowException(
airflow.exceptions.AirflowException: Bash command failed. The command returned a non-zero exit code 2.
[2026-05-02T00:01:12.796+0000] {taskinstance.py:1206} INFO - Marking task as FAILED. dag_id=data_pipeline, task_id=news_producer, run_id=manual__2026-05-01T23:51:09.786995+00:00, execution_date=20260501T235109, start_date=20260502T000112, end_date=20260502T000112
[2026-05-02T00:01:12.814+0000] {standard_task_runner.py:110} ERROR - Failed to execute job 130 for task news_producer (Bash command failed. The command returned a non-zero exit code 2.; 324)
[2026-05-02T00:01:12.844+0000] {local_task_job_runner.py:243} INFO - Task exited with return code 1
[2026-05-02T00:01:12.874+0000] {taskinstance.py:3503} INFO - 0 downstream tasks scheduled from follow-on schedule check
[2026-05-02T00:01:12.876+0000] {local_task_job_runner.py:222} INFO - ::endgroup::
