[2026-05-02T00:18:14.199+0000] {local_task_job_runner.py:120} INFO - ::group::Pre task execution logs
[2026-05-02T00:18:14.253+0000] {taskinstance.py:2076} INFO - Dependencies all met for dep_context=non-requeueable deps ti=<TaskInstance: data_pipeline.news_producer manual__2026-05-02T00:13:13.298656+00:00 [queued]>
[2026-05-02T00:18:14.266+0000] {taskinstance.py:2076} INFO - Dependencies all met for dep_context=requeueable deps ti=<TaskInstance: data_pipeline.news_producer manual__2026-05-02T00:13:13.298656+00:00 [queued]>
[2026-05-02T00:18:14.266+0000] {taskinstance.py:2306} INFO - Starting attempt 2 of 3
[2026-05-02T00:18:14.295+0000] {taskinstance.py:2330} INFO - Executing <Task(BashOperator): news_producer> on 2026-05-02 00:13:13.298656+00:00
[2026-05-02T00:18:14.309+0000] {standard_task_runner.py:90} INFO - Running: ['***', 'tasks', 'run', 'data_pipeline', 'news_producer', 'manual__2026-05-02T00:13:13.298656+00:00', '--job-id', '139', '--raw', '--subdir', 'DAGS_FOLDER/pipeline_dag.py', '--cfg-path', '/tmp/tmpwfl_86k4']
[2026-05-02T00:18:14.313+0000] {standard_task_runner.py:91} INFO - Job 139: Subtask news_producer
[2026-05-02T00:18:14.313+0000] {logging_mixin.py:188} WARNING - /home/***/.local/lib/python3.12/site-packages/***/task/task_runner/standard_task_runner.py:62 DeprecationWarning: This process (pid=258) is multi-threaded, use of fork() may lead to deadlocks in the child.
[2026-05-02T00:18:14.314+0000] {standard_task_runner.py:64} INFO - Started process 259 to run task
[2026-05-02T00:18:14.394+0000] {task_command.py:426} INFO - Running <TaskInstance: data_pipeline.news_producer manual__2026-05-02T00:13:13.298656+00:00 [running]> on host 4c22c823134d
[2026-05-02T00:18:14.526+0000] {taskinstance.py:2648} INFO - Exporting env vars: AIRFLOW_CTX_DAG_OWNER='alaa' AIRFLOW_CTX_DAG_ID='data_pipeline' AIRFLOW_CTX_TASK_ID='news_producer' AIRFLOW_CTX_EXECUTION_DATE='2026-05-02T00:13:13.298656+00:00' AIRFLOW_CTX_TRY_NUMBER='2' AIRFLOW_CTX_DAG_RUN_ID='manual__2026-05-02T00:13:13.298656+00:00'
[2026-05-02T00:18:14.527+0000] {taskinstance.py:430} INFO - ::endgroup::
[2026-05-02T00:18:14.550+0000] {subprocess.py:63} INFO - Tmp dir root location: /tmp
[2026-05-02T00:18:14.550+0000] {subprocess.py:75} INFO - Running command: ['/usr/bin/bash', '-c', 'python /opt/***/producers/news_producer.py']
[2026-05-02T00:18:14.566+0000] {subprocess.py:86} INFO - Output:
[2026-05-02T00:18:14.654+0000] {subprocess.py:93} INFO - python: can't open file '/opt/***/producers/news_producer.py': [Errno 2] No such file or directory
[2026-05-02T00:18:14.660+0000] {subprocess.py:97} INFO - Command exited with return code 2
[2026-05-02T00:18:14.660+0000] {taskinstance.py:441} INFO - ::group::Post task execution logs
[2026-05-02T00:18:14.674+0000] {taskinstance.py:2905} ERROR - Task failed with exception
Traceback (most recent call last):
  File "/home/airflow/.local/lib/python3.12/site-packages/airflow/models/taskinstance.py", line 465, in _execute_task
    result = _execute_callable(context=context, **execute_callable_kwargs)
             ^^^^^^^^^^^^^^^^^^^^^^^^^^^^^^^^^^^^^^^^^^^^^^^^^^^^^^^^^^^^^
  File "/home/airflow/.local/lib/python3.12/site-packages/airflow/models/taskinstance.py", line 432, in _execute_callable
    return execute_callable(context=context, **execute_callable_kwargs)
           ^^^^^^^^^^^^^^^^^^^^^^^^^^^^^^^^^^^^^^^^^^^^^^^^^^^^^^^^^^^^
  File "/home/airflow/.local/lib/python3.12/site-packages/airflow/models/baseoperator.py", line 401, in wrapper
    return func(self, *args, **kwargs)
           ^^^^^^^^^^^^^^^^^^^^^^^^^^^
  File "/home/airflow/.local/lib/python3.12/site-packages/airflow/operators/bash.py", line 243, in execute
    raise AirflowException(
airflow.exceptions.AirflowException: Bash command failed. The command returned a non-zero exit code 2.
[2026-05-02T00:18:14.679+0000] {taskinstance.py:1206} INFO - Marking task as UP_FOR_RETRY. dag_id=data_pipeline, task_id=news_producer, run_id=manual__2026-05-02T00:13:13.298656+00:00, execution_date=20260502T001313, start_date=20260502T001814, end_date=20260502T001814
[2026-05-02T00:18:14.706+0000] {standard_task_runner.py:110} ERROR - Failed to execute job 139 for task news_producer (Bash command failed. The command returned a non-zero exit code 2.; 259)
[2026-05-02T00:18:14.730+0000] {local_task_job_runner.py:243} INFO - Task exited with return code 1
[2026-05-02T00:18:14.767+0000] {taskinstance.py:3503} INFO - 0 downstream tasks scheduled from follow-on schedule check
[2026-05-02T00:18:14.770+0000] {local_task_job_runner.py:222} INFO - ::endgroup::
