[2026-05-01T15:06:23.990+0000] {local_task_job_runner.py:120} INFO - ::group::Pre task execution logs
[2026-05-01T15:06:24.013+0000] {taskinstance.py:2076} INFO - Dependencies all met for dep_context=non-requeueable deps ti=<TaskInstance: data_pipeline.jobs_producer manual__2026-05-01T15:06:23.461888+00:00 [queued]>
[2026-05-01T15:06:24.018+0000] {taskinstance.py:2076} INFO - Dependencies all met for dep_context=requeueable deps ti=<TaskInstance: data_pipeline.jobs_producer manual__2026-05-01T15:06:23.461888+00:00 [queued]>
[2026-05-01T15:06:24.019+0000] {taskinstance.py:2306} INFO - Starting attempt 1 of 1
[2026-05-01T15:06:24.028+0000] {taskinstance.py:2330} INFO - Executing <Task(BashOperator): jobs_producer> on 2026-05-01 15:06:23.461888+00:00
[2026-05-01T15:06:24.036+0000] {logging_mixin.py:188} WARNING - /home/***/.local/lib/python3.12/site-packages/***/task/task_runner/standard_task_runner.py:62 DeprecationWarning: This process (pid=262) is multi-threaded, use of fork() may lead to deadlocks in the child.
[2026-05-01T15:06:24.035+0000] {standard_task_runner.py:90} INFO - Running: ['***', 'tasks', 'run', 'data_pipeline', 'jobs_producer', 'manual__2026-05-01T15:06:23.461888+00:00', '--job-id', '8', '--raw', '--subdir', 'DAGS_FOLDER/pipeline_dag.py', '--cfg-path', '/tmp/tmpn7bqu3ci']
[2026-05-01T15:06:24.037+0000] {standard_task_runner.py:64} INFO - Started process 264 to run task
[2026-05-01T15:06:24.037+0000] {standard_task_runner.py:91} INFO - Job 8: Subtask jobs_producer
[2026-05-01T15:06:24.078+0000] {task_command.py:426} INFO - Running <TaskInstance: data_pipeline.jobs_producer manual__2026-05-01T15:06:23.461888+00:00 [running]> on host 98d3e6132196
[2026-05-01T15:06:24.142+0000] {taskinstance.py:2648} INFO - Exporting env vars: AIRFLOW_CTX_DAG_OWNER='alaa' AIRFLOW_CTX_DAG_ID='data_pipeline' AIRFLOW_CTX_TASK_ID='jobs_producer' AIRFLOW_CTX_EXECUTION_DATE='2026-05-01T15:06:23.461888+00:00' AIRFLOW_CTX_TRY_NUMBER='1' AIRFLOW_CTX_DAG_RUN_ID='manual__2026-05-01T15:06:23.461888+00:00'
[2026-05-01T15:06:24.143+0000] {taskinstance.py:430} INFO - ::endgroup::
[2026-05-01T15:06:24.152+0000] {subprocess.py:63} INFO - Tmp dir root location: /tmp
[2026-05-01T15:06:24.152+0000] {subprocess.py:75} INFO - Running command: ['/usr/bin/bash', '-c', 'python /home/hadoop/end_to_end_data_engineering_project/producers/jobs_producer.py']
[2026-05-01T15:06:24.162+0000] {subprocess.py:86} INFO - Output:
[2026-05-01T15:06:24.203+0000] {subprocess.py:93} INFO - python: can't open file '/home/hadoop/end_to_end_data_engineering_project/producers/jobs_producer.py': [Errno 2] No such file or directory
[2026-05-01T15:06:24.206+0000] {subprocess.py:97} INFO - Command exited with return code 2
[2026-05-01T15:06:24.207+0000] {taskinstance.py:441} INFO - ::group::Post task execution logs
[2026-05-01T15:06:24.216+0000] {taskinstance.py:2905} ERROR - Task failed with exception
Traceback (most recent call last):
  File "/home/airflow/.local/lib/python3.12/site-packages/airflow/models/taskinstance.py", line 465, in _execute_task
    result = _execute_callable(context=context, **execute_callable_kwargs)
             ^^^^^^^^^^^^^^^^^^^^^^^^^^^^^^^^^^^^^^^^^^^^^^^^^^^^^^^^^^^^^
  File "/home/airflow/.local/lib/python3.12/site-packages/airflow/models/taskinstance.py", line 432, in _execute_callable
    return execute_callable(context=context, **execute_callable_kwargs)
           ^^^^^^^^^^^^^^^^^^^^^^^^^^^^^^^^^^^^^^^^^^^^^^^^^^^^^^^^^^^^
  File "/home/airflow/.local/lib/python3.12/site-packages/airflow/models/baseoperator.py", line 401, in wrapper
    return func(self, *args, **kwargs)
           ^^^^^^^^^^^^^^^^^^^^^^^^^^^
  File "/home/airflow/.local/lib/python3.12/site-packages/airflow/operators/bash.py", line 243, in execute
    raise AirflowException(
airflow.exceptions.AirflowException: Bash command failed. The command returned a non-zero exit code 2.
[2026-05-01T15:06:24.220+0000] {taskinstance.py:1206} INFO - Marking task as FAILED. dag_id=data_pipeline, task_id=jobs_producer, run_id=manual__2026-05-01T15:06:23.461888+00:00, execution_date=20260501T150623, start_date=20260501T150624, end_date=20260501T150624
[2026-05-01T15:06:24.231+0000] {standard_task_runner.py:110} ERROR - Failed to execute job 8 for task jobs_producer (Bash command failed. The command returned a non-zero exit code 2.; 264)
[2026-05-01T15:06:24.250+0000] {local_task_job_runner.py:243} INFO - Task exited with return code 1
[2026-05-01T15:06:24.259+0000] {local_task_job_runner.py:222} INFO - ::endgroup::
